#! /c/Source/iverilog-install/bin/vvp
:ivl_version "12.0 (devel)" "(s20150603-1539-g2693dd32b)";
:ivl_delay_selection "TYPICAL";
:vpi_time_precision + 0;
:vpi_module "C:\iverilog\lib\ivl\system.vpi";
:vpi_module "C:\iverilog\lib\ivl\vhdl_sys.vpi";
:vpi_module "C:\iverilog\lib\ivl\vhdl_textio.vpi";
:vpi_module "C:\iverilog\lib\ivl\v2005_math.vpi";
:vpi_module "C:\iverilog\lib\ivl\va_math.vpi";
S_000001b747752db0 .scope module, "predict" "predict" 2 1;
 .timescale 0 0;
    .port_info 0 /INPUT 1 "clk";
    .port_info 1 /INPUT 1 "reset";
    .port_info 2 /INPUT 10 "instruction";
    .port_info 3 /INPUT 1 "branch_result";
    .port_info 4 /INPUT 1 "branch_corrected";
    .port_info 5 /OUTPUT 1 "taken_or_nottaken";
o000001b747786fd8 .functor BUFZ 1, C4<z>; HiZ drive
v000001b747752f40_0 .net "branch_corrected", 0 0, o000001b747786fd8;  0 drivers
o000001b747787008 .functor BUFZ 1, C4<z>; HiZ drive
v000001b747752fe0_0 .net "branch_result", 0 0, o000001b747787008;  0 drivers
o000001b747787038 .functor BUFZ 1, C4<z>; HiZ drive
v000001b747753080_0 .net "clk", 0 0, o000001b747787038;  0 drivers
v000001b74766b770_0 .var/i "i", 31 0;
o000001b747787098 .functor BUFZ 10, C4<zzzzzzzzzz>; HiZ drive
v000001b74766b810_0 .net "instruction", 9 0, o000001b747787098;  0 drivers
v000001b74766b8b0 .array "predict_mem", 0 1023, 1 0;
o000001b7477870c8 .functor BUFZ 1, C4<z>; HiZ drive
v000001b74766b950_0 .net "reset", 0 0, o000001b7477870c8;  0 drivers
v000001b74766b9f0_0 .var "taken_or_nottaken", 0 0;
E_000001b747775930 .event posedge, v000001b747753080_0;
E_000001b7477759b0 .event posedge, v000001b74766b950_0;
    .scope S_000001b747752db0;
T_0 ;
    %wait E_000001b7477759b0;
    %pushi/vec4 0, 0, 32;
    %store/vec4 v000001b74766b770_0, 0, 32;
T_0.0 ;
    %load/vec4 v000001b74766b770_0;
    %cmpi/s 1024, 0, 32;
    %jmp/0xz T_0.1, 5;
    %pushi/vec4 2, 0, 2;
    %ix/getv/s 3, v000001b74766b770_0;
    %ix/load 4, 0, 0; Constant delay
    %assign/vec4/a/d v000001b74766b8b0, 0, 4;
    %load/vec4 v000001b74766b770_0;
    %addi 1, 0, 32;
    %store/vec4 v000001b74766b770_0, 0, 32;
    %jmp T_0.0;
T_0.1 ;
    %jmp T_0;
    .thread T_0;
    .scope S_000001b747752db0;
T_1 ;
    %wait E_000001b747775930;
    %load/vec4 v000001b747752f40_0;
    %flag_set/vec4 8;
    %jmp/0xz  T_1.0, 8;
    %load/vec4 v000001b74766b810_0;
    %pad/u 12;
    %ix/vec4 4;
    %load/vec4a v000001b74766b8b0, 4;
    %dup/vec4;
    %pushi/vec4 0, 0, 2;
    %cmp/u;
    %jmp/1 T_1.2, 6;
    %dup/vec4;
    %pushi/vec4 1, 0, 2;
    %cmp/u;
    %jmp/1 T_1.3, 6;
    %dup/vec4;
    %pushi/vec4 2, 0, 2;
    %cmp/u;
    %jmp/1 T_1.4, 6;
    %dup/vec4;
    %pushi/vec4 3, 0, 2;
    %cmp/u;
    %jmp/1 T_1.5, 6;
    %jmp T_1.6;
T_1.2 ;
    %load/vec4 v000001b747752fe0_0;
    %flag_set/vec4 8;
    %jmp/0 T_1.7, 8;
    %pushi/vec4 1, 0, 2;
    %jmp/1 T_1.8, 8;
T_1.7 ; End of true expr.
    %pushi/vec4 0, 0, 2;
    %jmp/0 T_1.8, 8;
 ; End of false expr.
    %blend;
T_1.8;
    %load/vec4 v000001b74766b810_0;
    %pad/u 12;
    %ix/vec4 3;
    %ix/load 4, 0, 0; Constant delay
    %assign/vec4/a/d v000001b74766b8b0, 0, 4;
    %jmp T_1.6;
T_1.3 ;
    %load/vec4 v000001b747752fe0_0;
    %flag_set/vec4 8;
    %jmp/0 T_1.9, 8;
    %pushi/vec4 2, 0, 2;
    %jmp/1 T_1.10, 8;
T_1.9 ; End of true expr.
    %pushi/vec4 0, 0, 2;
    %jmp/0 T_1.10, 8;
 ; End of false expr.
    %blend;
T_1.10;
    %load/vec4 v000001b74766b810_0;
    %pad/u 12;
    %ix/vec4 3;
    %ix/load 4, 0, 0; Constant delay
    %assign/vec4/a/d v000001b74766b8b0, 0, 4;
    %jmp T_1.6;
T_1.4 ;
    %load/vec4 v000001b747752fe0_0;
    %flag_set/vec4 8;
    %jmp/0 T_1.11, 8;
    %pushi/vec4 3, 0, 2;
    %jmp/1 T_1.12, 8;
T_1.11 ; End of true expr.
    %pushi/vec4 1, 0, 2;
    %jmp/0 T_1.12, 8;
 ; End of false expr.
    %blend;
T_1.12;
    %load/vec4 v000001b74766b810_0;
    %pad/u 12;
    %ix/vec4 3;
    %ix/load 4, 0, 0; Constant delay
    %assign/vec4/a/d v000001b74766b8b0, 0, 4;
    %jmp T_1.6;
T_1.5 ;
    %load/vec4 v000001b747752fe0_0;
    %flag_set/vec4 8;
    %jmp/0 T_1.13, 8;
    %pushi/vec4 3, 0, 2;
    %jmp/1 T_1.14, 8;
T_1.13 ; End of true expr.
    %pushi/vec4 2, 0, 2;
    %jmp/0 T_1.14, 8;
 ; End of false expr.
    %blend;
T_1.14;
    %load/vec4 v000001b74766b810_0;
    %pad/u 12;
    %ix/vec4 3;
    %ix/load 4, 0, 0; Constant delay
    %assign/vec4/a/d v000001b74766b8b0, 0, 4;
    %jmp T_1.6;
T_1.6 ;
    %pop/vec4 1;
T_1.0 ;
    %pushi/vec4 2, 0, 2;
    %load/vec4 v000001b74766b810_0;
    %pad/u 12;
    %ix/vec4 4;
    %load/vec4a v000001b74766b8b0, 4;
    %cmp/u;
    %flag_get/vec4 4;
    %flag_get/vec4 5;
    %or;
    %assign/vec4 v000001b74766b9f0_0, 0;
    %jmp T_1;
    .thread T_1;
# The file index is used to find the file name in the following table.
:file_names 3;
    "N/A";
    "<interactive>";
    "predict.v";
