#! /c/Source/iverilog-install/bin/vvp
:ivl_version "12.0 (devel)" "(s20150603-1539-g2693dd32b)";
:ivl_delay_selection "TYPICAL";
:vpi_time_precision + 0;
:vpi_module "C:\iverilog\lib\ivl\system.vpi";
:vpi_module "C:\iverilog\lib\ivl\vhdl_sys.vpi";
:vpi_module "C:\iverilog\lib\ivl\vhdl_textio.vpi";
:vpi_module "C:\iverilog\lib\ivl\v2005_math.vpi";
:vpi_module "C:\iverilog\lib\ivl\va_math.vpi";
S_000001c11a872db0 .scope module, "EX_MEM_REG" "EX_MEM_REG" 2 1;
 .timescale 0 0;
    .port_info 0 /INPUT 1 "clk";
    .port_info 1 /INPUT 1 "reset";
    .port_info 2 /INPUT 1 "flush";
    .port_info 3 /INPUT 32 "ALU_result_in";
    .port_info 4 /INPUT 1 "zero_in";
    .port_info 5 /INPUT 8 "branch_target_in";
    .port_info 6 /INPUT 1 "branch_in";
    .port_info 7 /INPUT 1 "memread_in";
    .port_info 8 /INPUT 1 "MemtoReg_in";
    .port_info 9 /INPUT 1 "memwwrite_in";
    .port_info 10 /INPUT 1 "regwrite_in";
    .port_info 11 /INPUT 5 "RD_in";
    .port_info 12 /INPUT 5 "RS_in";
    .port_info 13 /INPUT 5 "RT_in";
    .port_info 14 /INPUT 32 "valueRt_in";
    .port_info 15 /OUTPUT 32 "ALU_result_out";
    .port_info 16 /OUTPUT 1 "zero_out";
    .port_info 17 /OUTPUT 8 "branch_target_out";
    .port_info 18 /OUTPUT 1 "branch_out";
    .port_info 19 /OUTPUT 1 "memread_out";
    .port_info 20 /OUTPUT 1 "MemtoReg_out";
    .port_info 21 /OUTPUT 1 "memwwrite_out";
    .port_info 22 /OUTPUT 1 "regwrite_out";
    .port_info 23 /OUTPUT 5 "RD_out";
    .port_info 24 /OUTPUT 5 "RS_out";
    .port_info 25 /OUTPUT 5 "RT_out";
    .port_info 26 /OUTPUT 32 "valueRt_out";
o000001c11a8acf78 .functor BUFZ 32, C4<zzzzzzzzzzzzzzzzzzzzzzzzzzzzzzzz>; HiZ drive
v000001c11a897950_0 .net "ALU_result_in", 31 0, o000001c11a8acf78;  0 drivers
v000001c11a8f2000_0 .var "ALU_result_out", 31 0;
o000001c11a8acfd8 .functor BUFZ 1, C4<z>; HiZ drive
v000001c11a8f20a0_0 .net "MemtoReg_in", 0 0, o000001c11a8acfd8;  0 drivers
v000001c11a8f2140_0 .var "MemtoReg_out", 0 0;
o000001c11a8ad038 .functor BUFZ 5, C4<zzzzz>; HiZ drive
v000001c11a8f21e0_0 .net "RD_in", 4 0, o000001c11a8ad038;  0 drivers
v000001c11a8f2280_0 .var "RD_out", 4 0;
o000001c11a8ad098 .functor BUFZ 5, C4<zzzzz>; HiZ drive
v000001c11a8f2320_0 .net "RS_in", 4 0, o000001c11a8ad098;  0 drivers
v000001c11a8f23c0_0 .var "RS_out", 4 0;
o000001c11a8ad0f8 .functor BUFZ 5, C4<zzzzz>; HiZ drive
v000001c11a8f2460_0 .net "RT_in", 4 0, o000001c11a8ad0f8;  0 drivers
v000001c11a8f2500_0 .var "RT_out", 4 0;
o000001c11a8ad158 .functor BUFZ 1, C4<z>; HiZ drive
v000001c11a8f25a0_0 .net "branch_in", 0 0, o000001c11a8ad158;  0 drivers
v000001c11a8f2640_0 .var "branch_out", 0 0;
o000001c11a8ad1b8 .functor BUFZ 8, C4<zzzzzzzz>; HiZ drive
v000001c11a8f26e0_0 .net "branch_target_in", 7 0, o000001c11a8ad1b8;  0 drivers
v000001c11a8f2780_0 .var "branch_target_out", 7 0;
o000001c11a8ad218 .functor BUFZ 1, C4<z>; HiZ drive
v000001c11a8f2820_0 .net "clk", 0 0, o000001c11a8ad218;  0 drivers
o000001c11a8ad248 .functor BUFZ 1, C4<z>; HiZ drive
v000001c11a8a36b0_0 .net "flush", 0 0, o000001c11a8ad248;  0 drivers
o000001c11a8ad278 .functor BUFZ 1, C4<z>; HiZ drive
v000001c11a8a3e30_0 .net "memread_in", 0 0, o000001c11a8ad278;  0 drivers
v000001c11a8a3ed0_0 .var "memread_out", 0 0;
o000001c11a8ad2d8 .functor BUFZ 1, C4<z>; HiZ drive
v000001c11a8a41f0_0 .net "memwwrite_in", 0 0, o000001c11a8ad2d8;  0 drivers
v000001c11a8a3f70_0 .var "memwwrite_out", 0 0;
o000001c11a8ad338 .functor BUFZ 1, C4<z>; HiZ drive
v000001c11a8a3750_0 .net "regwrite_in", 0 0, o000001c11a8ad338;  0 drivers
v000001c11a8a4470_0 .var "regwrite_out", 0 0;
o000001c11a8ad398 .functor BUFZ 1, C4<z>; HiZ drive
v000001c11a8a3890_0 .net "reset", 0 0, o000001c11a8ad398;  0 drivers
o000001c11a8ad3c8 .functor BUFZ 32, C4<zzzzzzzzzzzzzzzzzzzzzzzzzzzzzzzz>; HiZ drive
v000001c11a8a4010_0 .net "valueRt_in", 31 0, o000001c11a8ad3c8;  0 drivers
v000001c11a8a4510_0 .var "valueRt_out", 31 0;
o000001c11a8ad428 .functor BUFZ 1, C4<z>; HiZ drive
v000001c11a8a45b0_0 .net "zero_in", 0 0, o000001c11a8ad428;  0 drivers
v000001c11a8a3d90_0 .var "zero_out", 0 0;
E_000001c11a858860 .event posedge, v000001c11a8a3890_0, v000001c11a8f2820_0;
    .scope S_000001c11a872db0;
T_0 ;
    %wait E_000001c11a858860;
    %load/vec4 v000001c11a8a3890_0;
    %flag_set/vec4 8;
    %jmp/1 T_0.2, 8;
    %load/vec4 v000001c11a8a36b0_0;
    %flag_set/vec4 9;
    %flag_or 8, 9;
T_0.2;
    %jmp/0xz  T_0.0, 8;
    %pushi/vec4 0, 0, 32;
    %assign/vec4 v000001c11a8f2000_0, 0;
    %pushi/vec4 0, 0, 1;
    %assign/vec4 v000001c11a8a3d90_0, 0;
    %pushi/vec4 0, 0, 8;
    %assign/vec4 v000001c11a8f2780_0, 0;
    %pushi/vec4 0, 0, 1;
    %assign/vec4 v000001c11a8f2640_0, 0;
    %pushi/vec4 0, 0, 1;
    %assign/vec4 v000001c11a8a3ed0_0, 0;
    %pushi/vec4 0, 0, 1;
    %assign/vec4 v000001c11a8f2140_0, 0;
    %pushi/vec4 0, 0, 1;
    %assign/vec4 v000001c11a8a3f70_0, 0;
    %pushi/vec4 0, 0, 1;
    %assign/vec4 v000001c11a8a4470_0, 0;
    %pushi/vec4 0, 0, 5;
    %assign/vec4 v000001c11a8f2280_0, 0;
    %pushi/vec4 0, 0, 5;
    %assign/vec4 v000001c11a8f23c0_0, 0;
    %pushi/vec4 0, 0, 5;
    %assign/vec4 v000001c11a8f2500_0, 0;
    %pushi/vec4 0, 0, 32;
    %assign/vec4 v000001c11a8a4510_0, 0;
    %jmp T_0.1;
T_0.0 ;
    %load/vec4 v000001c11a897950_0;
    %assign/vec4 v000001c11a8f2000_0, 0;
    %load/vec4 v000001c11a8a45b0_0;
    %assign/vec4 v000001c11a8a3d90_0, 0;
    %load/vec4 v000001c11a8f26e0_0;
    %assign/vec4 v000001c11a8f2780_0, 0;
    %load/vec4 v000001c11a8f25a0_0;
    %assign/vec4 v000001c11a8f2640_0, 0;
    %load/vec4 v000001c11a8a3e30_0;
    %assign/vec4 v000001c11a8a3ed0_0, 0;
    %load/vec4 v000001c11a8f20a0_0;
    %assign/vec4 v000001c11a8f2140_0, 0;
    %load/vec4 v000001c11a8a41f0_0;
    %assign/vec4 v000001c11a8a3f70_0, 0;
    %load/vec4 v000001c11a8a3750_0;
    %assign/vec4 v000001c11a8a4470_0, 0;
    %load/vec4 v000001c11a8f21e0_0;
    %assign/vec4 v000001c11a8f2280_0, 0;
    %load/vec4 v000001c11a8f2320_0;
    %assign/vec4 v000001c11a8f23c0_0, 0;
    %load/vec4 v000001c11a8f2460_0;
    %assign/vec4 v000001c11a8f2500_0, 0;
    %load/vec4 v000001c11a8a4010_0;
    %assign/vec4 v000001c11a8a4510_0, 0;
T_0.1 ;
    %jmp T_0;
    .thread T_0;
# The file index is used to find the file name in the following table.
:file_names 3;
    "N/A";
    "<interactive>";
    "EX_MEM.v";
