#! /c/Source/iverilog-install/bin/vvp
:ivl_version "12.0 (devel)" "(s20150603-1539-g2693dd32b)";
:ivl_delay_selection "TYPICAL";
:vpi_time_precision + 0;
:vpi_module "C:\iverilog\lib\ivl\system.vpi";
:vpi_module "C:\iverilog\lib\ivl\vhdl_sys.vpi";
:vpi_module "C:\iverilog\lib\ivl\vhdl_textio.vpi";
:vpi_module "C:\iverilog\lib\ivl\v2005_math.vpi";
:vpi_module "C:\iverilog\lib\ivl\va_math.vpi";
S_000002b150a02ca0 .scope module, "ID_EX_REG" "ID_EX_REG" 2 1;
 .timescale 0 0;
    .port_info 0 /INPUT 1 "clk";
    .port_info 1 /INPUT 1 "reset";
    .port_info 2 /INPUT 1 "stall";
    .port_info 3 /INPUT 1 "flush";
    .port_info 4 /INPUT 32 "valueRs_in";
    .port_info 5 /INPUT 32 "valueRt_in";
    .port_info 6 /INPUT 5 "RD_in";
    .port_info 7 /INPUT 5 "RS_in";
    .port_info 8 /INPUT 5 "RT_in";
    .port_info 9 /INPUT 32 "Immediate_in";
    .port_info 10 /INPUT 1 "branch_in";
    .port_info 11 /INPUT 1 "memread_in";
    .port_info 12 /INPUT 1 "MemtoReg_in";
    .port_info 13 /INPUT 3 "aluop_in";
    .port_info 14 /INPUT 1 "memwwrite_in";
    .port_info 15 /INPUT 1 "alusrc_in";
    .port_info 16 /INPUT 1 "regwrite_in";
    .port_info 17 /INPUT 8 "PC_in";
    .port_info 18 /INPUT 6 "func_in";
    .port_info 19 /INPUT 5 "shiftAmount_in";
    .port_info 20 /OUTPUT 32 "valueRs_out";
    .port_info 21 /OUTPUT 32 "valueRt_out";
    .port_info 22 /OUTPUT 5 "RD_out";
    .port_info 23 /OUTPUT 5 "RS_out";
    .port_info 24 /OUTPUT 5 "RT_out";
    .port_info 25 /OUTPUT 32 "Immediate_out";
    .port_info 26 /OUTPUT 1 "branch_out";
    .port_info 27 /OUTPUT 1 "memread_out";
    .port_info 28 /OUTPUT 1 "MemtoReg_out";
    .port_info 29 /OUTPUT 3 "aluop_out";
    .port_info 30 /OUTPUT 1 "memwwrite_out";
    .port_info 31 /OUTPUT 1 "alusrc_out";
    .port_info 32 /OUTPUT 1 "regwrite_out";
    .port_info 33 /OUTPUT 8 "PC_out";
    .port_info 34 /OUTPUT 6 "func_out";
    .port_info 35 /OUTPUT 5 "shiftAmount_out";
o000002b150a46fb8 .functor BUFZ 32, C4<zzzzzzzzzzzzzzzzzzzzzzzzzzzzzzzz>; HiZ drive
v000002b1509ebc80_0 .net "Immediate_in", 31 0, o000002b150a46fb8;  0 drivers
v000002b150a02f60_0 .var "Immediate_out", 31 0;
o000002b150a47018 .functor BUFZ 1, C4<z>; HiZ drive
v000002b150a03000_0 .net "MemtoReg_in", 0 0, o000002b150a47018;  0 drivers
v000002b150a97c30_0 .var "MemtoReg_out", 0 0;
o000002b150a47078 .functor BUFZ 8, C4<zzzzzzzz>; HiZ drive
v000002b150a97cd0_0 .net "PC_in", 7 0, o000002b150a47078;  0 drivers
v000002b150a97d70_0 .var "PC_out", 7 0;
o000002b150a470d8 .functor BUFZ 5, C4<zzzzz>; HiZ drive
v000002b150a97e10_0 .net "RD_in", 4 0, o000002b150a470d8;  0 drivers
v000002b150a97eb0_0 .var "RD_out", 4 0;
o000002b150a47138 .functor BUFZ 5, C4<zzzzz>; HiZ drive
v000002b150a97f50_0 .net "RS_in", 4 0, o000002b150a47138;  0 drivers
v000002b150a97ff0_0 .var "RS_out", 4 0;
o000002b150a47198 .functor BUFZ 5, C4<zzzzz>; HiZ drive
v000002b150a98090_0 .net "RT_in", 4 0, o000002b150a47198;  0 drivers
v000002b150a98130_0 .var "RT_out", 4 0;
o000002b150a471f8 .functor BUFZ 3, C4<zzz>; HiZ drive
v000002b150a981d0_0 .net "aluop_in", 2 0, o000002b150a471f8;  0 drivers
v000002b150a98270_0 .var "aluop_out", 2 0;
o000002b150a47258 .functor BUFZ 1, C4<z>; HiZ drive
v000002b150a98310_0 .net "alusrc_in", 0 0, o000002b150a47258;  0 drivers
v000002b150a31a30_0 .var "alusrc_out", 0 0;
o000002b150a472b8 .functor BUFZ 1, C4<z>; HiZ drive
v000002b150a31e90_0 .net "branch_in", 0 0, o000002b150a472b8;  0 drivers
v000002b150a32070_0 .var "branch_out", 0 0;
o000002b150a47318 .functor BUFZ 1, C4<z>; HiZ drive
v000002b150a31350_0 .net "clk", 0 0, o000002b150a47318;  0 drivers
o000002b150a47348 .functor BUFZ 1, C4<z>; HiZ drive
v000002b150a31cb0_0 .net "flush", 0 0, o000002b150a47348;  0 drivers
o000002b150a47378 .functor BUFZ 6, C4<zzzzzz>; HiZ drive
v000002b150a315d0_0 .net "func_in", 5 0, o000002b150a47378;  0 drivers
v000002b150a32110_0 .var "func_out", 5 0;
o000002b150a473d8 .functor BUFZ 1, C4<z>; HiZ drive
v000002b150a31f30_0 .net "memread_in", 0 0, o000002b150a473d8;  0 drivers
v000002b150a318f0_0 .var "memread_out", 0 0;
o000002b150a47438 .functor BUFZ 1, C4<z>; HiZ drive
v000002b150a321b0_0 .net "memwwrite_in", 0 0, o000002b150a47438;  0 drivers
v000002b150a31ad0_0 .var "memwwrite_out", 0 0;
o000002b150a47498 .functor BUFZ 1, C4<z>; HiZ drive
v000002b150a31670_0 .net "regwrite_in", 0 0, o000002b150a47498;  0 drivers
v000002b150a32250_0 .var "regwrite_out", 0 0;
o000002b150a474f8 .functor BUFZ 1, C4<z>; HiZ drive
v000002b150a313f0_0 .net "reset", 0 0, o000002b150a474f8;  0 drivers
o000002b150a47528 .functor BUFZ 5, C4<zzzzz>; HiZ drive
v000002b150a31850_0 .net "shiftAmount_in", 4 0, o000002b150a47528;  0 drivers
v000002b150a31d50_0 .var "shiftAmount_out", 4 0;
o000002b150a47588 .functor BUFZ 1, C4<z>; HiZ drive
v000002b150a31490_0 .net "stall", 0 0, o000002b150a47588;  0 drivers
o000002b150a475b8 .functor BUFZ 32, C4<zzzzzzzzzzzzzzzzzzzzzzzzzzzzzzzz>; HiZ drive
v000002b150a31530_0 .net "valueRs_in", 31 0, o000002b150a475b8;  0 drivers
v000002b150a317b0_0 .var "valueRs_out", 31 0;
o000002b150a47618 .functor BUFZ 32, C4<zzzzzzzzzzzzzzzzzzzzzzzzzzzzzzzz>; HiZ drive
v000002b150a31df0_0 .net "valueRt_in", 31 0, o000002b150a47618;  0 drivers
v000002b150a31b70_0 .var "valueRt_out", 31 0;
E_000002b1509eaf10 .event posedge, v000002b150a313f0_0, v000002b150a31350_0;
    .scope S_000002b150a02ca0;
T_0 ;
    %wait E_000002b1509eaf10;
    %load/vec4 v000002b150a313f0_0;
    %flag_set/vec4 8;
    %jmp/1 T_0.2, 8;
    %load/vec4 v000002b150a31cb0_0;
    %flag_set/vec4 9;
    %flag_or 8, 9;
T_0.2;
    %jmp/0xz  T_0.0, 8;
    %pushi/vec4 0, 0, 32;
    %assign/vec4 v000002b150a317b0_0, 0;
    %pushi/vec4 0, 0, 32;
    %assign/vec4 v000002b150a31b70_0, 0;
    %pushi/vec4 0, 0, 5;
    %assign/vec4 v000002b150a97eb0_0, 0;
    %pushi/vec4 0, 0, 5;
    %assign/vec4 v000002b150a97ff0_0, 0;
    %pushi/vec4 0, 0, 5;
    %assign/vec4 v000002b150a98130_0, 0;
    %pushi/vec4 0, 0, 32;
    %assign/vec4 v000002b150a02f60_0, 0;
    %pushi/vec4 0, 0, 1;
    %assign/vec4 v000002b150a32070_0, 0;
    %pushi/vec4 0, 0, 1;
    %assign/vec4 v000002b150a318f0_0, 0;
    %pushi/vec4 0, 0, 1;
    %assign/vec4 v000002b150a97c30_0, 0;
    %pushi/vec4 0, 0, 3;
    %assign/vec4 v000002b150a98270_0, 0;
    %pushi/vec4 0, 0, 1;
    %assign/vec4 v000002b150a31ad0_0, 0;
    %pushi/vec4 0, 0, 1;
    %assign/vec4 v000002b150a31a30_0, 0;
    %pushi/vec4 0, 0, 1;
    %assign/vec4 v000002b150a32250_0, 0;
    %pushi/vec4 0, 0, 8;
    %assign/vec4 v000002b150a97d70_0, 0;
    %pushi/vec4 0, 0, 6;
    %assign/vec4 v000002b150a32110_0, 0;
    %pushi/vec4 0, 0, 5;
    %assign/vec4 v000002b150a31d50_0, 0;
    %jmp T_0.1;
T_0.0 ;
    %load/vec4 v000002b150a31490_0;
    %flag_set/vec4 8;
    %jmp/0xz  T_0.3, 8;
    %load/vec4 v000002b150a317b0_0;
    %assign/vec4 v000002b150a317b0_0, 0;
    %load/vec4 v000002b150a31b70_0;
    %assign/vec4 v000002b150a31b70_0, 0;
    %load/vec4 v000002b150a97eb0_0;
    %assign/vec4 v000002b150a97eb0_0, 0;
    %load/vec4 v000002b150a97ff0_0;
    %assign/vec4 v000002b150a97ff0_0, 0;
    %load/vec4 v000002b150a98130_0;
    %assign/vec4 v000002b150a98130_0, 0;
    %load/vec4 v000002b150a02f60_0;
    %assign/vec4 v000002b150a02f60_0, 0;
    %load/vec4 v000002b150a32070_0;
    %assign/vec4 v000002b150a32070_0, 0;
    %load/vec4 v000002b150a318f0_0;
    %assign/vec4 v000002b150a318f0_0, 0;
    %load/vec4 v000002b150a97c30_0;
    %assign/vec4 v000002b150a97c30_0, 0;
    %load/vec4 v000002b150a98270_0;
    %assign/vec4 v000002b150a98270_0, 0;
    %load/vec4 v000002b150a31ad0_0;
    %assign/vec4 v000002b150a31ad0_0, 0;
    %load/vec4 v000002b150a31a30_0;
    %assign/vec4 v000002b150a31a30_0, 0;
    %load/vec4 v000002b150a32250_0;
    %assign/vec4 v000002b150a32250_0, 0;
    %load/vec4 v000002b150a97d70_0;
    %assign/vec4 v000002b150a97d70_0, 0;
    %load/vec4 v000002b150a32110_0;
    %assign/vec4 v000002b150a32110_0, 0;
    %load/vec4 v000002b150a31d50_0;
    %assign/vec4 v000002b150a31d50_0, 0;
    %jmp T_0.4;
T_0.3 ;
    %load/vec4 v000002b150a31530_0;
    %assign/vec4 v000002b150a317b0_0, 0;
    %load/vec4 v000002b150a31df0_0;
    %assign/vec4 v000002b150a31b70_0, 0;
    %load/vec4 v000002b150a97e10_0;
    %assign/vec4 v000002b150a97eb0_0, 0;
    %load/vec4 v000002b150a97f50_0;
    %assign/vec4 v000002b150a97ff0_0, 0;
    %load/vec4 v000002b150a98090_0;
    %assign/vec4 v000002b150a98130_0, 0;
    %load/vec4 v000002b1509ebc80_0;
    %assign/vec4 v000002b150a02f60_0, 0;
    %load/vec4 v000002b150a31e90_0;
    %assign/vec4 v000002b150a32070_0, 0;
    %load/vec4 v000002b150a31f30_0;
    %assign/vec4 v000002b150a318f0_0, 0;
    %load/vec4 v000002b150a03000_0;
    %assign/vec4 v000002b150a97c30_0, 0;
    %load/vec4 v000002b150a981d0_0;
    %assign/vec4 v000002b150a98270_0, 0;
    %load/vec4 v000002b150a321b0_0;
    %assign/vec4 v000002b150a31ad0_0, 0;
    %load/vec4 v000002b150a98310_0;
    %assign/vec4 v000002b150a31a30_0, 0;
    %load/vec4 v000002b150a31670_0;
    %assign/vec4 v000002b150a32250_0, 0;
    %load/vec4 v000002b150a97cd0_0;
    %assign/vec4 v000002b150a97d70_0, 0;
    %load/vec4 v000002b150a315d0_0;
    %assign/vec4 v000002b150a32110_0, 0;
    %load/vec4 v000002b150a31850_0;
    %assign/vec4 v000002b150a31d50_0, 0;
T_0.4 ;
T_0.1 ;
    %jmp T_0;
    .thread T_0;
# The file index is used to find the file name in the following table.
:file_names 3;
    "N/A";
    "<interactive>";
    "ID_EX.v";
