#! /c/Source/iverilog-install/bin/vvp
:ivl_version "12.0 (devel)" "(s20150603-1539-g2693dd32b)";
:ivl_delay_selection "TYPICAL";
:vpi_time_precision + 0;
:vpi_module "C:\iverilog\lib\ivl\system.vpi";
:vpi_module "C:\iverilog\lib\ivl\vhdl_sys.vpi";
:vpi_module "C:\iverilog\lib\ivl\vhdl_textio.vpi";
:vpi_module "C:\iverilog\lib\ivl\v2005_math.vpi";
:vpi_module "C:\iverilog\lib\ivl\va_math.vpi";
S_000001ea82952ca0 .scope module, "IF_ID_REG" "IF_ID_REG" 2 1;
 .timescale 0 0;
    .port_info 0 /INPUT 1 "reset";
    .port_info 1 /INPUT 1 "clk_in";
    .port_info 2 /INPUT 1 "stall";
    .port_info 3 /INPUT 1 "flush";
    .port_info 4 /INPUT 32 "Instruction_in";
    .port_info 5 /INPUT 8 "PC_in";
    .port_info 6 /OUTPUT 32 "Instruction_out";
    .port_info 7 /OUTPUT 8 "PC_out";
o000001ea82986fa8 .functor BUFZ 32, C4<zzzzzzzzzzzzzzzzzzzzzzzzzzzzzzzz>; HiZ drive
v000001ea82952ec0_0 .net "Instruction_in", 31 0, o000001ea82986fa8;  0 drivers
v000001ea82952f60_0 .var "Instruction_out", 31 0;
o000001ea82987008 .functor BUFZ 8, C4<zzzzzzzz>; HiZ drive
v000001ea82953000_0 .net "PC_in", 7 0, o000001ea82987008;  0 drivers
v000001ea8293b980_0 .var "PC_out", 7 0;
o000001ea82987068 .functor BUFZ 1, C4<z>; HiZ drive
v000001ea8293ba20_0 .net "clk_in", 0 0, o000001ea82987068;  0 drivers
o000001ea82987098 .functor BUFZ 1, C4<z>; HiZ drive
v000001ea8293bac0_0 .net "flush", 0 0, o000001ea82987098;  0 drivers
o000001ea829870c8 .functor BUFZ 1, C4<z>; HiZ drive
v000001ea8293bb60_0 .net "reset", 0 0, o000001ea829870c8;  0 drivers
o000001ea829870f8 .functor BUFZ 1, C4<z>; HiZ drive
v000001ea8293bc00_0 .net "stall", 0 0, o000001ea829870f8;  0 drivers
E_000001ea8293c2f0 .event posedge, v000001ea8293bb60_0, v000001ea8293ba20_0;
    .scope S_000001ea82952ca0;
T_0 ;
    %wait E_000001ea8293c2f0;
    %load/vec4 v000001ea8293bb60_0;
    %flag_set/vec4 8;
    %jmp/1 T_0.2, 8;
    %load/vec4 v000001ea8293bac0_0;
    %flag_set/vec4 9;
    %flag_or 8, 9;
T_0.2;
    %jmp/0xz  T_0.0, 8;
    %pushi/vec4 0, 0, 32;
    %assign/vec4 v000001ea82952f60_0, 0;
    %pushi/vec4 0, 0, 8;
    %assign/vec4 v000001ea8293b980_0, 0;
    %jmp T_0.1;
T_0.0 ;
    %load/vec4 v000001ea8293bc00_0;
    %flag_set/vec4 8;
    %jmp/0xz  T_0.3, 8;
    %load/vec4 v000001ea82952f60_0;
    %assign/vec4 v000001ea82952f60_0, 0;
    %load/vec4 v000001ea8293b980_0;
    %assign/vec4 v000001ea8293b980_0, 0;
    %jmp T_0.4;
T_0.3 ;
    %load/vec4 v000001ea82952ec0_0;
    %assign/vec4 v000001ea82952f60_0, 0;
    %load/vec4 v000001ea82953000_0;
    %assign/vec4 v000001ea8293b980_0, 0;
T_0.4 ;
T_0.1 ;
    %jmp T_0;
    .thread T_0;
# The file index is used to find the file name in the following table.
:file_names 3;
    "N/A";
    "<interactive>";
    "IF_ID.v";
