#! /c/Source/iverilog-install/bin/vvp
:ivl_version "12.0 (devel)" "(s20150603-1539-g2693dd32b)";
:ivl_delay_selection "TYPICAL";
:vpi_time_precision + 0;
:vpi_module "C:\iverilog\lib\ivl\system.vpi";
:vpi_module "C:\iverilog\lib\ivl\vhdl_sys.vpi";
:vpi_module "C:\iverilog\lib\ivl\vhdl_textio.vpi";
:vpi_module "C:\iverilog\lib\ivl\v2005_math.vpi";
:vpi_module "C:\iverilog\lib\ivl\va_math.vpi";
S_0000027713a22db0 .scope module, "MEM_WB" "MEM_WB" 2 1;
 .timescale 0 0;
    .port_info 0 /INPUT 1 "clk";
    .port_info 1 /INPUT 1 "reset";
    .port_info 2 /INPUT 1 "flush";
    .port_info 3 /INPUT 32 "final_result_in";
    .port_info 4 /INPUT 1 "regwrite_in";
    .port_info 5 /INPUT 5 "RD_in";
    .port_info 6 /INPUT 1 "branch_in";
    .port_info 7 /INPUT 1 "zero_in";
    .port_info 8 /OUTPUT 32 "final_result_out";
    .port_info 9 /OUTPUT 1 "regwrite_out";
    .port_info 10 /OUTPUT 5 "RD_out";
    .port_info 11 /OUTPUT 1 "zero_out";
o0000027713a56fd8 .functor BUFZ 5, C4<zzzzz>; HiZ drive
v0000027713a23010_0 .net "RD_in", 4 0, o0000027713a56fd8;  0 drivers
v0000027713a53050_0 .var "RD_out", 4 0;
o0000027713a57038 .functor BUFZ 1, C4<z>; HiZ drive
v0000027713a530f0_0 .net "branch_in", 0 0, o0000027713a57038;  0 drivers
o0000027713a57068 .functor BUFZ 1, C4<z>; HiZ drive
v0000027713a53190_0 .net "clk", 0 0, o0000027713a57068;  0 drivers
o0000027713a57098 .functor BUFZ 32, C4<zzzzzzzzzzzzzzzzzzzzzzzzzzzzzzzz>; HiZ drive
v0000027713a53230_0 .net "final_result_in", 31 0, o0000027713a57098;  0 drivers
v0000027713a532d0_0 .var "final_result_out", 31 0;
o0000027713a570f8 .functor BUFZ 1, C4<z>; HiZ drive
v0000027713a53370_0 .net "flush", 0 0, o0000027713a570f8;  0 drivers
o0000027713a57128 .functor BUFZ 1, C4<z>; HiZ drive
v0000027713a53410_0 .net "regwrite_in", 0 0, o0000027713a57128;  0 drivers
v0000027713a534b0_0 .var "regwrite_out", 0 0;
o0000027713a57188 .functor BUFZ 1, C4<z>; HiZ drive
v0000027713a53550_0 .net "reset", 0 0, o0000027713a57188;  0 drivers
o0000027713a571b8 .functor BUFZ 1, C4<z>; HiZ drive
v0000027713a535f0_0 .net "zero_in", 0 0, o0000027713a571b8;  0 drivers
v0000027713a53690_0 .var "zero_out", 0 0;
E_000002771393c3f0 .event posedge, v0000027713a53550_0, v0000027713a53190_0;
    .scope S_0000027713a22db0;
T_0 ;
    %wait E_000002771393c3f0;
    %load/vec4 v0000027713a53550_0;
    %flag_set/vec4 8;
    %jmp/1 T_0.2, 8;
    %load/vec4 v0000027713a53370_0;
    %flag_set/vec4 9;
    %flag_or 8, 9;
T_0.2;
    %jmp/0xz  T_0.0, 8;
    %pushi/vec4 0, 0, 32;
    %assign/vec4 v0000027713a532d0_0, 0;
    %pushi/vec4 0, 0, 1;
    %assign/vec4 v0000027713a534b0_0, 0;
    %pushi/vec4 0, 0, 5;
    %assign/vec4 v0000027713a53050_0, 0;
    %pushi/vec4 0, 0, 1;
    %assign/vec4 v0000027713a53690_0, 0;
    %jmp T_0.1;
T_0.0 ;
    %load/vec4 v0000027713a53230_0;
    %assign/vec4 v0000027713a532d0_0, 0;
    %load/vec4 v0000027713a53410_0;
    %assign/vec4 v0000027713a534b0_0, 0;
    %load/vec4 v0000027713a23010_0;
    %assign/vec4 v0000027713a53050_0, 0;
    %load/vec4 v0000027713a535f0_0;
    %assign/vec4 v0000027713a53690_0, 0;
T_0.1 ;
    %jmp T_0;
    .thread T_0;
# The file index is used to find the file name in the following table.
:file_names 3;
    "N/A";
    "<interactive>";
    "MEM_WB.v";
