#! /c/Source/iverilog-install/bin/vvp
:ivl_version "12.0 (devel)" "(s20150603-1539-g2693dd32b)";
:ivl_delay_selection "TYPICAL";
:vpi_time_precision + 0;
:vpi_module "C:\iverilog\lib\ivl\system.vpi";
:vpi_module "C:\iverilog\lib\ivl\vhdl_sys.vpi";
:vpi_module "C:\iverilog\lib\ivl\vhdl_textio.vpi";
:vpi_module "C:\iverilog\lib\ivl\v2005_math.vpi";
:vpi_module "C:\iverilog\lib\ivl\va_math.vpi";
S_000001ec7cbd2ca0 .scope module, "forwarding_unit" "forwarding_unit" 2 1;
 .timescale 0 0;
    .port_info 0 /INPUT 1 "EX_MemRegwrite";
    .port_info 1 /INPUT 5 "EX_MemWriteReg";
    .port_info 2 /INPUT 1 "Mem_WbRegwrite";
    .port_info 3 /INPUT 5 "Mem_WbWriteReg";
    .port_info 4 /INPUT 5 "ID_Ex_Rs";
    .port_info 5 /INPUT 5 "ID_Ex_Rt";
    .port_info 6 /OUTPUT 2 "upperMux_sel";
    .port_info 7 /OUTPUT 2 "lowerMux_sel";
    .port_info 8 /OUTPUT 2 "comparatorMux1Selector";
    .port_info 9 /OUTPUT 2 "comparatorMux2Selector";
o000001ec7cc09fd8 .functor BUFZ 1, C4<z>; HiZ drive
v000001ec7cbd2e30_0 .net "EX_MemRegwrite", 0 0, o000001ec7cc09fd8;  0 drivers
o000001ec7cc0a008 .functor BUFZ 5, C4<zzzzz>; HiZ drive
v000001ec7cbd2ed0_0 .net "EX_MemWriteReg", 4 0, o000001ec7cc0a008;  0 drivers
o000001ec7cc0a038 .functor BUFZ 5, C4<zzzzz>; HiZ drive
v000001ec7cbd2f70_0 .net "ID_Ex_Rs", 4 0, o000001ec7cc0a038;  0 drivers
o000001ec7cc0a068 .functor BUFZ 5, C4<zzzzz>; HiZ drive
v000001ec7cbd3010_0 .net "ID_Ex_Rt", 4 0, o000001ec7cc0a068;  0 drivers
o000001ec7cc0a098 .functor BUFZ 1, C4<z>; HiZ drive
v000001ec7cc4cc40_0 .net "Mem_WbRegwrite", 0 0, o000001ec7cc0a098;  0 drivers
o000001ec7cc0a0c8 .functor BUFZ 5, C4<zzzzz>; HiZ drive
v000001ec7cc4cce0_0 .net "Mem_WbWriteReg", 4 0, o000001ec7cc0a0c8;  0 drivers
v000001ec7cc4cd80_0 .var "comparatorMux1Selector", 1 0;
v000001ec7cc4ce20_0 .var "comparatorMux2Selector", 1 0;
v000001ec7cc4cec0_0 .var "lowerMux_sel", 1 0;
v000001ec7cc03070_0 .var "upperMux_sel", 1 0;
E_000001ec7caea030/0 .event anyedge, v000001ec7cbd2e30_0, v000001ec7cbd2ed0_0, v000001ec7cbd2f70_0, v000001ec7cbd3010_0;
E_000001ec7caea030/1 .event anyedge, v000001ec7cc4cc40_0, v000001ec7cc4cce0_0;
E_000001ec7caea030 .event/or E_000001ec7caea030/0, E_000001ec7caea030/1;
    .scope S_000001ec7cbd2ca0;
T_0 ;
    %wait E_000001ec7caea030;
    %pushi/vec4 0, 0, 2;
    %store/vec4 v000001ec7cc03070_0, 0, 2;
    %pushi/vec4 0, 0, 2;
    %store/vec4 v000001ec7cc4cec0_0, 0, 2;
    %pushi/vec4 0, 0, 2;
    %store/vec4 v000001ec7cc4cd80_0, 0, 2;
    %pushi/vec4 0, 0, 2;
    %store/vec4 v000001ec7cc4ce20_0, 0, 2;
    %load/vec4 v000001ec7cbd2e30_0;
    %flag_set/vec4 9;
    %flag_get/vec4 9;
    %jmp/0 T_0.2, 9;
    %load/vec4 v000001ec7cbd2ed0_0;
    %pushi/vec4 0, 0, 5;
    %cmp/ne;
    %flag_get/vec4 4;
    %and;
T_0.2;
    %flag_set/vec4 8;
    %jmp/0xz  T_0.0, 8;
    %load/vec4 v000001ec7cbd2ed0_0;
    %load/vec4 v000001ec7cbd2f70_0;
    %cmp/e;
    %jmp/0xz  T_0.3, 4;
    %pushi/vec4 2, 0, 2;
    %store/vec4 v000001ec7cc03070_0, 0, 2;
    %pushi/vec4 1, 0, 2;
    %store/vec4 v000001ec7cc4cd80_0, 0, 2;
T_0.3 ;
    %load/vec4 v000001ec7cbd2ed0_0;
    %load/vec4 v000001ec7cbd3010_0;
    %cmp/e;
    %jmp/0xz  T_0.5, 4;
    %pushi/vec4 2, 0, 2;
    %store/vec4 v000001ec7cc4cec0_0, 0, 2;
    %pushi/vec4 1, 0, 2;
    %store/vec4 v000001ec7cc4ce20_0, 0, 2;
T_0.5 ;
T_0.0 ;
    %load/vec4 v000001ec7cc4cc40_0;
    %flag_set/vec4 9;
    %flag_get/vec4 9;
    %jmp/0 T_0.9, 9;
    %load/vec4 v000001ec7cc4cce0_0;
    %pushi/vec4 0, 0, 5;
    %cmp/ne;
    %flag_get/vec4 4;
    %and;
T_0.9;
    %flag_set/vec4 8;
    %jmp/0xz  T_0.7, 8;
    %load/vec4 v000001ec7cc4cce0_0;
    %load/vec4 v000001ec7cbd2f70_0;
    %cmp/e;
    %flag_get/vec4 4;
    %jmp/0 T_0.12, 4;
    %load/vec4 v000001ec7cbd2ed0_0;
    %load/vec4 v000001ec7cbd2f70_0;
    %cmp/ne;
    %flag_get/vec4 4;
    %and;
T_0.12;
    %flag_set/vec4 8;
    %jmp/0xz  T_0.10, 8;
    %pushi/vec4 1, 0, 2;
    %store/vec4 v000001ec7cc03070_0, 0, 2;
    %pushi/vec4 2, 0, 2;
    %store/vec4 v000001ec7cc4cd80_0, 0, 2;
T_0.10 ;
    %load/vec4 v000001ec7cc4cce0_0;
    %load/vec4 v000001ec7cbd3010_0;
    %cmp/e;
    %flag_get/vec4 4;
    %jmp/0 T_0.15, 4;
    %load/vec4 v000001ec7cbd2ed0_0;
    %load/vec4 v000001ec7cbd3010_0;
    %cmp/ne;
    %flag_get/vec4 4;
    %and;
T_0.15;
    %flag_set/vec4 8;
    %jmp/0xz  T_0.13, 8;
    %pushi/vec4 1, 0, 2;
    %store/vec4 v000001ec7cc4cec0_0, 0, 2;
    %pushi/vec4 2, 0, 2;
    %store/vec4 v000001ec7cc4ce20_0, 0, 2;
T_0.13 ;
T_0.7 ;
    %jmp T_0;
    .thread T_0, $push;
# The file index is used to find the file name in the following table.
:file_names 3;
    "N/A";
    "<interactive>";
    "forward_detect.v";
