#! /c/Source/iverilog-install/bin/vvp
:ivl_version "12.0 (devel)" "(s20150603-1539-g2693dd32b)";
:ivl_delay_selection "TYPICAL";
:vpi_time_precision + 0;
:vpi_module "C:\iverilog\lib\ivl\system.vpi";
:vpi_module "C:\iverilog\lib\ivl\vhdl_sys.vpi";
:vpi_module "C:\iverilog\lib\ivl\vhdl_textio.vpi";
:vpi_module "C:\iverilog\lib\ivl\v2005_math.vpi";
:vpi_module "C:\iverilog\lib\ivl\va_math.vpi";
S_00000268917e2ca0 .scope module, "hazard_detection" "hazard_detection" 2 1;
 .timescale 0 0;
    .port_info 0 /INPUT 1 "ID_EX_memread";
    .port_info 1 /INPUT 5 "ID_EX_RD";
    .port_info 2 /INPUT 5 "IF_ID_RS";
    .port_info 3 /INPUT 5 "IF_ID_RT";
    .port_info 4 /OUTPUT 1 "stall";
    .port_info 5 /INPUT 1 "EX_regwrite";
    .port_info 6 /INPUT 5 "EX_RD_in";
    .port_info 7 /INPUT 6 "IF_ID_opcode";
o0000026891816fb8 .functor BUFZ 5, C4<zzzzz>; HiZ drive
v00000268917ceef0_0 .net "EX_RD_in", 4 0, o0000026891816fb8;  0 drivers
o0000026891816fe8 .functor BUFZ 1, C4<z>; HiZ drive
v00000268917e2e30_0 .net "EX_regwrite", 0 0, o0000026891816fe8;  0 drivers
o0000026891817018 .functor BUFZ 5, C4<zzzzz>; HiZ drive
v00000268917e2ed0_0 .net "ID_EX_RD", 4 0, o0000026891817018;  0 drivers
o0000026891817048 .functor BUFZ 1, C4<z>; HiZ drive
v00000268917e2f70_0 .net "ID_EX_memread", 0 0, o0000026891817048;  0 drivers
o0000026891817078 .functor BUFZ 5, C4<zzzzz>; HiZ drive
v00000268917e3010_0 .net "IF_ID_RS", 4 0, o0000026891817078;  0 drivers
o00000268918170a8 .functor BUFZ 5, C4<zzzzz>; HiZ drive
v00000268917cb580_0 .net "IF_ID_RT", 4 0, o00000268918170a8;  0 drivers
o00000268918170d8 .functor BUFZ 6, C4<zzzzzz>; HiZ drive
v00000268917cb620_0 .net "IF_ID_opcode", 5 0, o00000268918170d8;  0 drivers
v00000268917cb6c0_0 .var "stall", 0 0;
E_00000268917cc830 .event anyedge, v00000268917e2f70_0, v00000268917e2ed0_0, v00000268917e3010_0, v00000268917cb580_0;
    .scope S_00000268917e2ca0;
T_0 ;
    %wait E_00000268917cc830;
    %pushi/vec4 0, 0, 1;
    %store/vec4 v00000268917cb6c0_0, 0, 1;
    %load/vec4 v00000268917e2f70_0;
    %flag_set/vec4 9;
    %flag_get/vec4 9;
    %jmp/0 T_0.2, 9;
    %load/vec4 v00000268917e2ed0_0;
    %load/vec4 v00000268917e3010_0;
    %cmp/e;
    %flag_get/vec4 4;
    %jmp/1 T_0.3, 4;
    %load/vec4 v00000268917e2ed0_0;
    %load/vec4 v00000268917cb580_0;
    %cmp/e;
    %flag_get/vec4 4;
    %or;
T_0.3;
    %and;
T_0.2;
    %flag_set/vec4 8;
    %jmp/0xz  T_0.0, 8;
    %pushi/vec4 1, 0, 1;
    %store/vec4 v00000268917cb6c0_0, 0, 1;
T_0.0 ;
    %jmp T_0;
    .thread T_0, $push;
# The file index is used to find the file name in the following table.
:file_names 3;
    "N/A";
    "<interactive>";
    "hazard_detect.v";
