#! /c/Source/iverilog-install/bin/vvp
:ivl_version "12.0 (devel)" "(s20150603-1539-g2693dd32b)";
:ivl_delay_selection "TYPICAL";
:vpi_time_precision + 0;
:vpi_module "C:\iverilog\lib\ivl\system.vpi";
:vpi_module "C:\iverilog\lib\ivl\vhdl_sys.vpi";
:vpi_module "C:\iverilog\lib\ivl\vhdl_textio.vpi";
:vpi_module "C:\iverilog\lib\ivl\v2005_math.vpi";
:vpi_module "C:\iverilog\lib\ivl\va_math.vpi";
S_0000022642362ca0 .scope module, "Execute" "Execute" 2 1;
 .timescale 0 0;
    .port_info 0 /INPUT 32 "valueRs_in";
    .port_info 1 /INPUT 32 "valueRt_in";
    .port_info 2 /INPUT 5 "RD_in";
    .port_info 3 /INPUT 5 "RS_in";
    .port_info 4 /INPUT 5 "RT_in";
    .port_info 5 /INPUT 32 "Immediate_in";
    .port_info 6 /INPUT 1 "branch_in";
    .port_info 7 /INPUT 1 "memread_in";
    .port_info 8 /INPUT 1 "MemtoReg_in";
    .port_info 9 /INPUT 3 "aluop_in";
    .port_info 10 /INPUT 1 "memwwrite_in";
    .port_info 11 /INPUT 1 "alusrc_in";
    .port_info 12 /INPUT 1 "regwrite_in";
    .port_info 13 /INPUT 8 "PC_in";
    .port_info 14 /INPUT 6 "func_in";
    .port_info 15 /INPUT 5 "shiftAmount_in";
    .port_info 16 /INPUT 2 "upperMux_sel";
    .port_info 17 /INPUT 2 "lowerMux_sel";
    .port_info 18 /INPUT 32 "mem_alu_result";
    .port_info 19 /INPUT 32 "wb_write_data";
    .port_info 20 /OUTPUT 32 "ALU_result_out";
    .port_info 21 /OUTPUT 1 "zero_out";
    .port_info 22 /OUTPUT 8 "branch_target_out";
    .port_info 23 /OUTPUT 1 "branch_out";
    .port_info 24 /OUTPUT 1 "memread_out";
    .port_info 25 /OUTPUT 1 "MemtoReg_out";
    .port_info 26 /OUTPUT 1 "memwwrite_out";
    .port_info 27 /OUTPUT 1 "regwrite_out";
    .port_info 28 /OUTPUT 5 "RD_out";
    .port_info 29 /OUTPUT 5 "RS_out";
    .port_info 30 /OUTPUT 5 "RT_out";
    .port_info 31 /OUTPUT 32 "valueRt_out";
o00000226423afa08 .functor BUFZ 1, C4<z>; HiZ drive
L_00000226423a56a0 .functor AND 1, o00000226423afa08, v000002264238fcb0_0, C4<1>, C4<1>;
L_00000226423a5780 .functor BUFZ 32, v000002264238f7b0_0, C4<00000000000000000000000000000000>, C4<00000000000000000000000000000000>, C4<00000000000000000000000000000000>;
L_00000226423a5a20 .functor BUFZ 1, v000002264238fcb0_0, C4<0>, C4<0>, C4<0>;
o00000226423afb58 .functor BUFZ 1, C4<z>; HiZ drive
L_00000226423a5d30 .functor BUFZ 1, o00000226423afb58, C4<0>, C4<0>, C4<0>;
o00000226423af3d8 .functor BUFZ 1, C4<z>; HiZ drive
L_00000226423a6040 .functor BUFZ 1, o00000226423af3d8, C4<0>, C4<0>, C4<0>;
o00000226423afbb8 .functor BUFZ 1, C4<z>; HiZ drive
L_00000226423a5c50 .functor BUFZ 1, o00000226423afbb8, C4<0>, C4<0>, C4<0>;
o00000226423afc18 .functor BUFZ 1, C4<z>; HiZ drive
L_00000226423a5b00 .functor BUFZ 1, o00000226423afc18, C4<0>, C4<0>, C4<0>;
o00000226423af498 .functor BUFZ 5, C4<zzzzz>; HiZ drive
L_00000226423a5be0 .functor BUFZ 5, o00000226423af498, C4<00000>, C4<00000>, C4<00000>;
o00000226423af4f8 .functor BUFZ 5, C4<zzzzz>; HiZ drive
L_00000226423a5b70 .functor BUFZ 5, o00000226423af4f8, C4<00000>, C4<00000>, C4<00000>;
o00000226423af558 .functor BUFZ 5, C4<zzzzz>; HiZ drive
L_00000226423a5cc0 .functor BUFZ 5, o00000226423af558, C4<00000>, C4<00000>, C4<00000>;
L_00000226423a57f0 .functor BUFZ 32, L_000002264240a960, C4<00000000000000000000000000000000>, C4<00000000000000000000000000000000>, C4<00000000000000000000000000000000>;
v000002264238fdf0_0 .net "ALU_result_out", 31 0, L_00000226423a5780;  1 drivers
o00000226423af3a8 .functor BUFZ 32, C4<zzzzzzzzzzzzzzzzzzzzzzzzzzzzzzzz>; HiZ drive
v0000022642390250_0 .net "Immediate_in", 31 0, o00000226423af3a8;  0 drivers
v0000022642390390_0 .net "MemtoReg_in", 0 0, o00000226423af3d8;  0 drivers
v0000022642390430_0 .net "MemtoReg_out", 0 0, L_00000226423a6040;  1 drivers
v0000022642390570_0 .net "PC_extended", 31 0, L_000002264240aaa0;  1 drivers
o00000226423af468 .functor BUFZ 8, C4<zzzzzzzz>; HiZ drive
v0000022642390610_0 .net "PC_in", 7 0, o00000226423af468;  0 drivers
v000002264238f710_0 .net "RD_in", 4 0, o00000226423af498;  0 drivers
v0000022642409030_0 .net "RD_out", 4 0, L_00000226423a5be0;  1 drivers
v0000022642408bd0_0 .net "RS_in", 4 0, o00000226423af4f8;  0 drivers
v0000022642408db0_0 .net "RS_out", 4 0, L_00000226423a5b70;  1 drivers
v00000226424083b0_0 .net "RT_in", 4 0, o00000226423af558;  0 drivers
v0000022642409e90_0 .net "RT_out", 4 0, L_00000226423a5cc0;  1 drivers
L_0000022642450088 .functor BUFT 1, C4<00>, C4<0>, C4<0>, C4<0>;
v0000022642408310_0 .net/2u *"_ivl_0", 1 0, L_0000022642450088;  1 drivers
v0000022642409d50_0 .net *"_ivl_10", 0 0, L_000002264240b040;  1 drivers
v0000022642408130_0 .net *"_ivl_12", 31 0, L_000002264240bcc0;  1 drivers
v0000022642408770_0 .net *"_ivl_14", 31 0, L_000002264240b0e0;  1 drivers
L_0000022642450160 .functor BUFT 1, C4<00>, C4<0>, C4<0>, C4<0>;
v0000022642409f30_0 .net/2u *"_ivl_18", 1 0, L_0000022642450160;  1 drivers
v0000022642408450_0 .net *"_ivl_2", 0 0, L_000002264240bb80;  1 drivers
v0000022642408e50_0 .net *"_ivl_20", 0 0, L_000002264240a500;  1 drivers
L_00000226424501a8 .functor BUFT 1, C4<01>, C4<0>, C4<0>, C4<0>;
v00000226424092b0_0 .net/2u *"_ivl_22", 1 0, L_00000226424501a8;  1 drivers
v00000226424086d0_0 .net *"_ivl_24", 0 0, L_000002264240a780;  1 drivers
L_00000226424501f0 .functor BUFT 1, C4<10>, C4<0>, C4<0>, C4<0>;
v0000022642409c10_0 .net/2u *"_ivl_26", 1 0, L_00000226424501f0;  1 drivers
v0000022642408ef0_0 .net *"_ivl_28", 0 0, L_000002264240a320;  1 drivers
v0000022642408f90_0 .net *"_ivl_30", 31 0, L_000002264240b2c0;  1 drivers
v0000022642409350_0 .net *"_ivl_32", 31 0, L_000002264240ad20;  1 drivers
L_00000226424500d0 .functor BUFT 1, C4<01>, C4<0>, C4<0>, C4<0>;
v0000022642408590_0 .net/2u *"_ivl_4", 1 0, L_00000226424500d0;  1 drivers
L_00000226424502c8 .functor BUFT 1, C4<000000000000000000000000>, C4<0>, C4<0>, C4<0>;
v0000022642408270_0 .net/2u *"_ivl_40", 23 0, L_00000226424502c8;  1 drivers
L_0000022642450310 .functor BUFT 1, C4<00000000000000000000000000000100>, C4<0>, C4<0>, C4<0>;
v0000022642409ad0_0 .net/2u *"_ivl_44", 31 0, L_0000022642450310;  1 drivers
v00000226424093f0_0 .net *"_ivl_46", 31 0, L_000002264240a820;  1 drivers
v00000226424090d0_0 .net *"_ivl_48", 31 0, L_000002264240bd60;  1 drivers
v0000022642408810_0 .net *"_ivl_50", 29 0, L_000002264240b180;  1 drivers
L_0000022642450358 .functor BUFT 1, C4<00>, C4<0>, C4<0>, C4<0>;
v0000022642408c70_0 .net *"_ivl_52", 1 0, L_0000022642450358;  1 drivers
v0000022642409170_0 .net *"_ivl_6", 0 0, L_000002264240b360;  1 drivers
L_0000022642450118 .functor BUFT 1, C4<10>, C4<0>, C4<0>, C4<0>;
v0000022642409210_0 .net/2u *"_ivl_8", 1 0, L_0000022642450118;  1 drivers
v0000022642409490_0 .net "alu_control_signal", 3 0, v000002264238ff30_0;  1 drivers
v0000022642409530_0 .net "alu_result", 31 0, v000002264238f7b0_0;  1 drivers
v0000022642408090_0 .net "alu_zero", 0 0, v000002264238fcb0_0;  1 drivers
o00000226423af288 .functor BUFZ 3, C4<zzz>; HiZ drive
v0000022642409cb0_0 .net "aluop_in", 2 0, o00000226423af288;  0 drivers
o00000226423af9d8 .functor BUFZ 1, C4<z>; HiZ drive
v00000226424081d0_0 .net "alusrc_in", 0 0, o00000226423af9d8;  0 drivers
v00000226424095d0_0 .net "branch_in", 0 0, o00000226423afa08;  0 drivers
v00000226424088b0_0 .net "branch_out", 0 0, L_00000226423a56a0;  1 drivers
v0000022642409670_0 .net "branch_target_32", 31 0, L_000002264240a3c0;  1 drivers
v00000226424084f0_0 .net "branch_target_out", 7 0, L_000002264240b4a0;  1 drivers
v0000022642408630_0 .net "forwarded_valueRt", 31 0, L_000002264240a960;  1 drivers
o00000226423af2b8 .functor BUFZ 6, C4<zzzzzz>; HiZ drive
v0000022642408d10_0 .net "func_in", 5 0, o00000226423af2b8;  0 drivers
o00000226423afaf8 .functor BUFZ 2, C4<zz>; HiZ drive
v0000022642409df0_0 .net "lowerMux_sel", 1 0, o00000226423afaf8;  0 drivers
o00000226423afb28 .functor BUFZ 32, C4<zzzzzzzzzzzzzzzzzzzzzzzzzzzzzzzz>; HiZ drive
v0000022642409710_0 .net "mem_alu_result", 31 0, o00000226423afb28;  0 drivers
v00000226424097b0_0 .net "memread_in", 0 0, o00000226423afb58;  0 drivers
v0000022642408950_0 .net "memread_out", 0 0, L_00000226423a5d30;  1 drivers
v0000022642409850_0 .net "memwwrite_in", 0 0, o00000226423afbb8;  0 drivers
v00000226424098f0_0 .net "memwwrite_out", 0 0, L_00000226423a5c50;  1 drivers
v0000022642409990_0 .net "operandA", 31 0, L_000002264240a640;  1 drivers
v00000226424089f0_0 .net "regwrite_in", 0 0, o00000226423afc18;  0 drivers
v0000022642408a90_0 .net "regwrite_out", 0 0, L_00000226423a5b00;  1 drivers
v0000022642409a30_0 .net "second_operand", 31 0, L_000002264240b400;  1 drivers
o00000226423af0d8 .functor BUFZ 5, C4<zzzzz>; HiZ drive
v0000022642409b70_0 .net "shiftAmount_in", 4 0, o00000226423af0d8;  0 drivers
o00000226423afc78 .functor BUFZ 2, C4<zz>; HiZ drive
v0000022642408b30_0 .net "upperMux_sel", 1 0, o00000226423afc78;  0 drivers
o00000226423afca8 .functor BUFZ 32, C4<zzzzzzzzzzzzzzzzzzzzzzzzzzzzzzzz>; HiZ drive
v000002264240ac80_0 .net "valueRs_in", 31 0, o00000226423afca8;  0 drivers
o00000226423afcd8 .functor BUFZ 32, C4<zzzzzzzzzzzzzzzzzzzzzzzzzzzzzzzz>; HiZ drive
v000002264240b540_0 .net "valueRt_in", 31 0, o00000226423afcd8;  0 drivers
v000002264240b9a0_0 .net "valueRt_out", 31 0, L_00000226423a57f0;  1 drivers
o00000226423afd38 .functor BUFZ 32, C4<zzzzzzzzzzzzzzzzzzzzzzzzzzzzzzzz>; HiZ drive
v000002264240a6e0_0 .net "wb_write_data", 31 0, o00000226423afd38;  0 drivers
v000002264240a5a0_0 .net "zero_out", 0 0, L_00000226423a5a20;  1 drivers
L_000002264240bb80 .cmp/eq 2, o00000226423afc78, L_0000022642450088;
L_000002264240b360 .cmp/eq 2, o00000226423afc78, L_00000226424500d0;
L_000002264240b040 .cmp/eq 2, o00000226423afc78, L_0000022642450118;
L_000002264240bcc0 .functor MUXZ 32, o00000226423afca8, o00000226423afb28, L_000002264240b040, C4<>;
L_000002264240b0e0 .functor MUXZ 32, L_000002264240bcc0, o00000226423afd38, L_000002264240b360, C4<>;
L_000002264240a640 .functor MUXZ 32, L_000002264240b0e0, o00000226423afca8, L_000002264240bb80, C4<>;
L_000002264240a500 .cmp/eq 2, o00000226423afaf8, L_0000022642450160;
L_000002264240a780 .cmp/eq 2, o00000226423afaf8, L_00000226424501a8;
L_000002264240a320 .cmp/eq 2, o00000226423afaf8, L_00000226424501f0;
L_000002264240b2c0 .functor MUXZ 32, o00000226423afcd8, o00000226423afb28, L_000002264240a320, C4<>;
L_000002264240ad20 .functor MUXZ 32, L_000002264240b2c0, o00000226423afd38, L_000002264240a780, C4<>;
L_000002264240a960 .functor MUXZ 32, L_000002264240ad20, o00000226423afcd8, L_000002264240a500, C4<>;
L_000002264240b400 .functor MUXZ 32, L_000002264240a960, o00000226423af3a8, o00000226423af9d8, C4<>;
L_000002264240aaa0 .concat [ 8 24 0 0], o00000226423af468, L_00000226424502c8;
L_000002264240a820 .arith/sum 32, L_000002264240aaa0, L_0000022642450310;
L_000002264240b180 .part o00000226423af3a8, 0, 30;
L_000002264240bd60 .concat [ 2 30 0 0], L_0000022642450358, L_000002264240b180;
L_000002264240a3c0 .arith/sum 32, L_000002264240a820, L_000002264240bd60;
L_000002264240b4a0 .part L_000002264240a3c0, 0, 8;
S_0000022642362f40 .scope module, "alu32_inst" "ALU32Bit" 2 58, 2 118 0, S_0000022642362ca0;
 .timescale 0 0;
    .port_info 0 /INPUT 32 "data1";
    .port_info 1 /INPUT 32 "data2";
    .port_info 2 /INPUT 4 "ALUControl";
    .port_info 3 /INPUT 5 "shiftAmount";
    .port_info 4 /INPUT 1 "reset";
    .port_info 5 /OUTPUT 1 "zero";
    .port_info 6 /OUTPUT 32 "result";
v0000022642390070_0 .net "ALUControl", 3 0, v000002264238ff30_0;  alias, 1 drivers
L_0000022642450238 .functor BUFT 1, C4<00000000000000000000000000000000>, C4<0>, C4<0>, C4<0>;
v000002264238fe90_0 .net *"_ivl_0", 31 0, L_0000022642450238;  1 drivers
v00000226423904d0_0 .net/s "data1", 31 0, L_000002264240a640;  alias, 1 drivers
v000002264238f8f0_0 .net/s "data2", 31 0, L_000002264240b400;  alias, 1 drivers
v000002264238fb70_0 .net "neg_data2", 31 0, L_000002264240be00;  1 drivers
L_0000022642450280 .functor BUFT 1, C4<0>, C4<0>, C4<0>, C4<0>;
v0000022642390110_0 .net "reset", 0 0, L_0000022642450280;  1 drivers
v000002264238f7b0_0 .var/s "result", 31 0;
v000002264238fa30_0 .net "shiftAmount", 4 0, o00000226423af0d8;  alias, 0 drivers
v000002264238fcb0_0 .var "zero", 0 0;
E_0000022642390e60/0 .event anyedge, v0000022642390070_0, v00000226423904d0_0, v000002264238f8f0_0, v000002264238fb70_0;
E_0000022642390e60/1 .event anyedge, v000002264238fa30_0, v000002264238f7b0_0;
E_0000022642390e60 .event/or E_0000022642390e60/0, E_0000022642390e60/1;
L_000002264240be00 .arith/sub 32, L_0000022642450238, L_000002264240b400;
S_00000226423a3880 .scope module, "alu_control_inst" "ALUControl" 2 50, 2 92 0, S_0000022642362ca0;
 .timescale 0 0;
    .port_info 0 /INPUT 3 "ALUOp";
    .port_info 1 /INPUT 6 "funct";
    .port_info 2 /OUTPUT 4 "ALUControl";
v000002264238ff30_0 .var "ALUControl", 3 0;
v000002264238fd50_0 .net "ALUOp", 2 0, o00000226423af288;  alias, 0 drivers
v00000226423901b0_0 .net "funct", 5 0, o00000226423af2b8;  alias, 0 drivers
E_00000226423910e0 .event anyedge, v000002264238fd50_0, v00000226423901b0_0;
    .scope S_00000226423a3880;
T_0 ;
    %wait E_00000226423910e0;
    %load/vec4 v000002264238fd50_0;
    %dup/vec4;
    %pushi/vec4 0, 0, 3;
    %cmp/u;
    %jmp/1 T_0.0, 6;
    %dup/vec4;
    %pushi/vec4 1, 0, 3;
    %cmp/u;
    %jmp/1 T_0.1, 6;
    %dup/vec4;
    %pushi/vec4 5, 0, 3;
    %cmp/u;
    %jmp/1 T_0.2, 6;
    %dup/vec4;
    %pushi/vec4 2, 0, 3;
    %cmp/u;
    %jmp/1 T_0.3, 6;
    %pushi/vec4 15, 0, 4;
    %store/vec4 v000002264238ff30_0, 0, 4;
    %jmp T_0.5;
T_0.0 ;
    %pushi/vec4 0, 0, 4;
    %store/vec4 v000002264238ff30_0, 0, 4;
    %jmp T_0.5;
T_0.1 ;
    %pushi/vec4 1, 0, 4;
    %store/vec4 v000002264238ff30_0, 0, 4;
    %jmp T_0.5;
T_0.2 ;
    %pushi/vec4 8, 0, 4;
    %store/vec4 v000002264238ff30_0, 0, 4;
    %jmp T_0.5;
T_0.3 ;
    %load/vec4 v00000226423901b0_0;
    %dup/vec4;
    %pushi/vec4 32, 0, 6;
    %cmp/u;
    %jmp/1 T_0.6, 6;
    %dup/vec4;
    %pushi/vec4 34, 0, 6;
    %cmp/u;
    %jmp/1 T_0.7, 6;
    %dup/vec4;
    %pushi/vec4 42, 0, 6;
    %cmp/u;
    %jmp/1 T_0.8, 6;
    %pushi/vec4 15, 0, 4;
    %store/vec4 v000002264238ff30_0, 0, 4;
    %jmp T_0.10;
T_0.6 ;
    %pushi/vec4 0, 0, 4;
    %store/vec4 v000002264238ff30_0, 0, 4;
    %jmp T_0.10;
T_0.7 ;
    %pushi/vec4 1, 0, 4;
    %store/vec4 v000002264238ff30_0, 0, 4;
    %jmp T_0.10;
T_0.8 ;
    %pushi/vec4 8, 0, 4;
    %store/vec4 v000002264238ff30_0, 0, 4;
    %jmp T_0.10;
T_0.10 ;
    %pop/vec4 1;
    %jmp T_0.5;
T_0.5 ;
    %pop/vec4 1;
    %jmp T_0;
    .thread T_0, $push;
    .scope S_0000022642362f40;
T_1 ;
    %wait E_0000022642390e60;
    %load/vec4 v0000022642390070_0;
    %dup/vec4;
    %pushi/vec4 0, 0, 4;
    %cmp/u;
    %jmp/1 T_1.0, 6;
    %dup/vec4;
    %pushi/vec4 1, 0, 4;
    %cmp/u;
    %jmp/1 T_1.1, 6;
    %dup/vec4;
    %pushi/vec4 8, 0, 4;
    %cmp/u;
    %jmp/1 T_1.2, 6;
    %dup/vec4;
    %pushi/vec4 2, 0, 4;
    %cmp/u;
    %jmp/1 T_1.3, 6;
    %pushi/vec4 0, 0, 32;
    %store/vec4 v000002264238f7b0_0, 0, 32;
    %jmp T_1.5;
T_1.0 ;
    %load/vec4 v00000226423904d0_0;
    %load/vec4 v000002264238f8f0_0;
    %add;
    %store/vec4 v000002264238f7b0_0, 0, 32;
    %jmp T_1.5;
T_1.1 ;
    %load/vec4 v00000226423904d0_0;
    %load/vec4 v000002264238fb70_0;
    %add;
    %store/vec4 v000002264238f7b0_0, 0, 32;
    %jmp T_1.5;
T_1.2 ;
    %load/vec4 v00000226423904d0_0;
    %load/vec4 v000002264238f8f0_0;
    %cmp/s;
    %flag_mov 8, 5;
    %jmp/0 T_1.6, 8;
    %pushi/vec4 1, 0, 32;
    %jmp/1 T_1.7, 8;
T_1.6 ; End of true expr.
    %pushi/vec4 0, 0, 32;
    %jmp/0 T_1.7, 8;
 ; End of false expr.
    %blend;
T_1.7;
    %store/vec4 v000002264238f7b0_0, 0, 32;
    %jmp T_1.5;
T_1.3 ;
    %load/vec4 v00000226423904d0_0;
    %ix/getv 4, v000002264238fa30_0;
    %shiftl 4;
    %store/vec4 v000002264238f7b0_0, 0, 32;
    %jmp T_1.5;
T_1.5 ;
    %pop/vec4 1;
    %load/vec4 v000002264238f7b0_0;
    %pushi/vec4 0, 0, 32;
    %cmp/e;
    %flag_get/vec4 4;
    %store/vec4 v000002264238fcb0_0, 0, 1;
    %jmp T_1;
    .thread T_1, $push;
# The file index is used to find the file name in the following table.
:file_names 3;
    "N/A";
    "<interactive>";
    "EX.v";
