#! /c/Source/iverilog-install/bin/vvp
:ivl_version "12.0 (devel)" "(s20150603-1539-g2693dd32b)";
:ivl_delay_selection "TYPICAL";
:vpi_time_precision + 0;
:vpi_module "C:\iverilog\lib\ivl\system.vpi";
:vpi_module "C:\iverilog\lib\ivl\vhdl_sys.vpi";
:vpi_module "C:\iverilog\lib\ivl\vhdl_textio.vpi";
:vpi_module "C:\iverilog\lib\ivl\v2005_math.vpi";
:vpi_module "C:\iverilog\lib\ivl\va_math.vpi";
S_000001eb53f1d560 .scope module, "InstructionDecode" "InstructionDecode" 2 1;
 .timescale 0 0;
    .port_info 0 /INPUT 1 "clk";
    .port_info 1 /INPUT 32 "Instruction_in";
    .port_info 2 /INPUT 8 "PC_in";
    .port_info 3 /INPUT 1 "reset";
    .port_info 4 /INPUT 32 "wb_write_data";
    .port_info 5 /INPUT 5 "wb_write_reg";
    .port_info 6 /INPUT 1 "wb_reg_write";
    .port_info 7 /OUTPUT 32 "valueRs";
    .port_info 8 /OUTPUT 32 "valueRt";
    .port_info 9 /OUTPUT 5 "RD";
    .port_info 10 /OUTPUT 5 "RS";
    .port_info 11 /OUTPUT 5 "RT";
    .port_info 12 /OUTPUT 32 "Immediate";
    .port_info 13 /OUTPUT 1 "jump";
    .port_info 14 /OUTPUT 1 "branch";
    .port_info 15 /OUTPUT 1 "memread";
    .port_info 16 /OUTPUT 1 "MemtoReg";
    .port_info 17 /OUTPUT 3 "aluop";
    .port_info 18 /OUTPUT 1 "memwwrite";
    .port_info 19 /OUTPUT 1 "alusrc";
    .port_info 20 /OUTPUT 1 "regwrite";
    .port_info 21 /OUTPUT 8 "PC_out";
    .port_info 22 /OUTPUT 6 "func";
    .port_info 23 /OUTPUT 5 "shiftAmount";
v000001eb53f7ef90_0 .var "Immediate", 31 0;
o000001eb53f25ae8 .functor BUFZ 32, C4<zzzzzzzzzzzzzzzzzzzzzzzzzzzzzzzz>; HiZ drive
v000001eb53f7f670_0 .net "Instruction_in", 31 0, o000001eb53f25ae8;  0 drivers
v000001eb53f7f030_0 .var "MemtoReg", 0 0;
o000001eb53f25b48 .functor BUFZ 8, C4<zzzzzzzz>; HiZ drive
v000001eb53f7f710_0 .net "PC_in", 7 0, o000001eb53f25b48;  0 drivers
v000001eb53f7fad0_0 .var "PC_out", 7 0;
v000001eb53f7f8f0_0 .var "RD", 4 0;
v000001eb53f7f0d0_0 .var "RS", 4 0;
v000001eb53f7e090_0 .var "RT", 4 0;
v000001eb53f7ebd0_0 .var "aluop", 2 0;
v000001eb53f7f7b0_0 .var "alusrc", 0 0;
v000001eb53f7ec70_0 .var "branch", 0 0;
v000001eb53f7f210_0 .net "cALUOp", 2 0, v000001eb53f00e80_0;  1 drivers
v000001eb53f7e810_0 .net "cALUSrc", 0 0, v000001eb53f00840_0;  1 drivers
v000001eb53f7e4f0_0 .net "cBranch", 0 0, v000001eb53f00b60_0;  1 drivers
v000001eb53f7fcb0_0 .net "cBranchNotEqual", 0 0, v000001eb53f012e0_0;  1 drivers
v000001eb53f7ff30_0 .net "cJump", 0 0, v000001eb53f007a0_0;  1 drivers
v000001eb53f7fd50_0 .net "cMemRead", 0 0, v000001eb53f014c0_0;  1 drivers
v000001eb53f7f170_0 .net "cMemWrite", 0 0, v000001eb53f01380_0;  1 drivers
v000001eb53f7e590_0 .net "cMemtoReg", 0 0, v000001eb53f01560_0;  1 drivers
v000001eb53f7fe90_0 .net "cRegWrite", 0 0, v000001eb53f01420_0;  1 drivers
o000001eb53f25728 .functor BUFZ 1, C4<z>; HiZ drive
v000001eb53f7ed10_0 .net "clk", 0 0, o000001eb53f25728;  0 drivers
v000001eb53f7e770_0 .var "func", 5 0;
v000001eb53f7f850_0 .var "jump", 0 0;
v000001eb53f7e630_0 .var "memread", 0 0;
v000001eb53f7e6d0_0 .var "memwwrite", 0 0;
v000001eb53f7f990_0 .net "opcode", 5 0, L_000001eb53f81900;  1 drivers
v000001eb53f7fa30_0 .net "outRs", 31 0, L_000001eb53f81a40;  1 drivers
v000001eb53f7f2b0_0 .net "outRt", 31 0, L_000001eb53f81360;  1 drivers
v000001eb53f7e8b0_0 .net "rdR", 4 0, L_000001eb53f80780;  1 drivers
v000001eb53f7f350_0 .net "regdst", 0 0, v000001eb53f01240_0;  1 drivers
v000001eb53f80f00_0 .var "regwrite", 0 0;
o000001eb53f25818 .functor BUFZ 1, C4<z>; HiZ drive
v000001eb53f81220_0 .net "reset", 0 0, o000001eb53f25818;  0 drivers
v000001eb53f817c0_0 .net "rs", 4 0, L_000001eb53f801e0;  1 drivers
v000001eb53f81ae0_0 .net "rt", 4 0, L_000001eb53f808c0;  1 drivers
v000001eb53f800a0_0 .var "shiftAmount", 4 0;
v000001eb53f81cc0_0 .var "valueRs", 31 0;
v000001eb53f812c0_0 .var "valueRt", 31 0;
o000001eb53f257e8 .functor BUFZ 1, C4<z>; HiZ drive
v000001eb53f81860_0 .net "wb_reg_write", 0 0, o000001eb53f257e8;  0 drivers
o000001eb53f258a8 .functor BUFZ 32, C4<zzzzzzzzzzzzzzzzzzzzzzzzzzzzzzzz>; HiZ drive
v000001eb53f80140_0 .net "wb_write_data", 31 0, o000001eb53f258a8;  0 drivers
o000001eb53f258d8 .functor BUFZ 5, C4<zzzzz>; HiZ drive
v000001eb53f80fa0_0 .net "wb_write_reg", 4 0, o000001eb53f258d8;  0 drivers
v000001eb53f80aa0_0 .net "writeReg", 4 0, L_000001eb53f81680;  1 drivers
E_000001eb53efc7d0/0 .event anyedge, v000001eb53f7e3b0_0, v000001eb53f7e270_0, v000001eb53f7ee50_0, v000001eb53f80aa0_0;
E_000001eb53efc7d0/1 .event anyedge, v000001eb53f7edb0_0, v000001eb53f7e9f0_0, v000001eb53f7f670_0, v000001eb53f7f710_0;
E_000001eb53efc7d0/2 .event anyedge, v000001eb53f007a0_0, v000001eb53f00b60_0, v000001eb53f014c0_0, v000001eb53f01560_0;
E_000001eb53efc7d0/3 .event anyedge, v000001eb53f00e80_0, v000001eb53f01380_0, v000001eb53f00840_0, v000001eb53f01420_0;
E_000001eb53efc7d0 .event/or E_000001eb53efc7d0/0, E_000001eb53efc7d0/1, E_000001eb53efc7d0/2, E_000001eb53efc7d0/3;
L_000001eb53f81900 .part o000001eb53f25ae8, 26, 6;
L_000001eb53f801e0 .part o000001eb53f25ae8, 21, 5;
L_000001eb53f808c0 .part o000001eb53f25ae8, 16, 5;
L_000001eb53f80780 .part o000001eb53f25ae8, 11, 5;
L_000001eb53f81680 .functor MUXZ 5, L_000001eb53f808c0, L_000001eb53f80780, v000001eb53f01240_0, C4<>;
S_000001eb53f148d0 .scope module, "CU" "control_unit" 2 44, 2 118 0, S_000001eb53f1d560;
 .timescale 0 0;
    .port_info 0 /INPUT 6 "opcode";
    .port_info 1 /OUTPUT 1 "RegWrite";
    .port_info 2 /OUTPUT 1 "MemtoReg";
    .port_info 3 /OUTPUT 1 "MemRead";
    .port_info 4 /OUTPUT 1 "MemWrite";
    .port_info 5 /OUTPUT 1 "RegDst";
    .port_info 6 /OUTPUT 1 "ALUSrc";
    .port_info 7 /OUTPUT 3 "ALUOp";
    .port_info 8 /OUTPUT 1 "jump";
    .port_info 9 /OUTPUT 1 "Branch";
    .port_info 10 /OUTPUT 1 "BranchNotEqual";
v000001eb53f00e80_0 .var "ALUOp", 2 0;
v000001eb53f00840_0 .var "ALUSrc", 0 0;
v000001eb53f00b60_0 .var "Branch", 0 0;
v000001eb53f012e0_0 .var "BranchNotEqual", 0 0;
v000001eb53f014c0_0 .var "MemRead", 0 0;
v000001eb53f01380_0 .var "MemWrite", 0 0;
v000001eb53f01560_0 .var "MemtoReg", 0 0;
v000001eb53f01240_0 .var "RegDst", 0 0;
v000001eb53f01420_0 .var "RegWrite", 0 0;
v000001eb53f007a0_0 .var "jump", 0 0;
v000001eb53f008e0_0 .net "opcode", 5 0, L_000001eb53f81900;  alias, 1 drivers
E_000001eb53efcd90 .event anyedge, v000001eb53f008e0_0;
S_000001eb53f14b20 .scope module, "RF" "reg_file" 2 62, 2 187 0, S_000001eb53f1d560;
 .timescale 0 0;
    .port_info 0 /INPUT 1 "clk";
    .port_info 1 /INPUT 5 "rs";
    .port_info 2 /INPUT 5 "rt";
    .port_info 3 /INPUT 5 "write_reg";
    .port_info 4 /INPUT 32 "write_data";
    .port_info 5 /INPUT 1 "reg_write";
    .port_info 6 /OUTPUT 32 "read_data_1";
    .port_info 7 /OUTPUT 32 "read_data_2";
    .port_info 8 /INPUT 1 "reset";
v000001eb53f01600_0 .net *"_ivl_0", 31 0, L_000001eb53f806e0;  1 drivers
v000001eb53f00a20_0 .net *"_ivl_10", 6 0, L_000001eb53f80960;  1 drivers
L_000001eb53fd0118 .functor BUFT 1, C4<00>, C4<0>, C4<0>, C4<0>;
v000001eb53f00ac0_0 .net *"_ivl_13", 1 0, L_000001eb53fd0118;  1 drivers
L_000001eb53fd0160 .functor BUFT 1, C4<00000000000000000000000000000000>, C4<0>, C4<0>, C4<0>;
v000001eb53f00c00_0 .net/2u *"_ivl_14", 31 0, L_000001eb53fd0160;  1 drivers
v000001eb53f00ca0_0 .net *"_ivl_18", 31 0, L_000001eb53f819a0;  1 drivers
L_000001eb53fd01a8 .functor BUFT 1, C4<000000000000000000000000000>, C4<0>, C4<0>, C4<0>;
v000001eb53f00de0_0 .net *"_ivl_21", 26 0, L_000001eb53fd01a8;  1 drivers
L_000001eb53fd01f0 .functor BUFT 1, C4<00000000000000000000000000000000>, C4<0>, C4<0>, C4<0>;
v000001eb53f00f20_0 .net/2u *"_ivl_22", 31 0, L_000001eb53fd01f0;  1 drivers
v000001eb53f7e450_0 .net *"_ivl_24", 0 0, L_000001eb53f80320;  1 drivers
v000001eb53f7ea90_0 .net *"_ivl_26", 31 0, L_000001eb53f80be0;  1 drivers
v000001eb53f7e130_0 .net *"_ivl_28", 6 0, L_000001eb53f81b80;  1 drivers
L_000001eb53fd0088 .functor BUFT 1, C4<000000000000000000000000000>, C4<0>, C4<0>, C4<0>;
v000001eb53f7f490_0 .net *"_ivl_3", 26 0, L_000001eb53fd0088;  1 drivers
L_000001eb53fd0238 .functor BUFT 1, C4<00>, C4<0>, C4<0>, C4<0>;
v000001eb53f7fdf0_0 .net *"_ivl_31", 1 0, L_000001eb53fd0238;  1 drivers
L_000001eb53fd0280 .functor BUFT 1, C4<00000000000000000000000000000000>, C4<0>, C4<0>, C4<0>;
v000001eb53f7f3f0_0 .net/2u *"_ivl_32", 31 0, L_000001eb53fd0280;  1 drivers
L_000001eb53fd00d0 .functor BUFT 1, C4<00000000000000000000000000000000>, C4<0>, C4<0>, C4<0>;
v000001eb53f7eef0_0 .net/2u *"_ivl_4", 31 0, L_000001eb53fd00d0;  1 drivers
v000001eb53f7f530_0 .net *"_ivl_6", 0 0, L_000001eb53f81d60;  1 drivers
v000001eb53f7fc10_0 .net *"_ivl_8", 31 0, L_000001eb53f81720;  1 drivers
v000001eb53f7fb70_0 .net "clk", 0 0, o000001eb53f25728;  alias, 0 drivers
v000001eb53f7e1d0_0 .var/i "i", 31 0;
v000001eb53f7e270_0 .net "read_data_1", 31 0, L_000001eb53f81a40;  alias, 1 drivers
v000001eb53f7ee50_0 .net "read_data_2", 31 0, L_000001eb53f81360;  alias, 1 drivers
v000001eb53f7f5d0_0 .net "reg_write", 0 0, o000001eb53f257e8;  alias, 0 drivers
v000001eb53f7e950 .array "registers", 0 31, 31 0;
v000001eb53f7e3b0_0 .net "reset", 0 0, o000001eb53f25818;  alias, 0 drivers
v000001eb53f7edb0_0 .net "rs", 4 0, L_000001eb53f801e0;  alias, 1 drivers
v000001eb53f7e9f0_0 .net "rt", 4 0, L_000001eb53f808c0;  alias, 1 drivers
v000001eb53f7eb30_0 .net "write_data", 31 0, o000001eb53f258a8;  alias, 0 drivers
v000001eb53f7e310_0 .net "write_reg", 4 0, o000001eb53f258d8;  alias, 0 drivers
E_000001eb53efd2d0 .event posedge, v000001eb53f7e3b0_0, v000001eb53f7fb70_0;
L_000001eb53f806e0 .concat [ 5 27 0 0], L_000001eb53f801e0, L_000001eb53fd0088;
L_000001eb53f81d60 .cmp/ne 32, L_000001eb53f806e0, L_000001eb53fd00d0;
L_000001eb53f81720 .array/port v000001eb53f7e950, L_000001eb53f80960;
L_000001eb53f80960 .concat [ 5 2 0 0], L_000001eb53f801e0, L_000001eb53fd0118;
L_000001eb53f81a40 .functor MUXZ 32, L_000001eb53fd0160, L_000001eb53f81720, L_000001eb53f81d60, C4<>;
L_000001eb53f819a0 .concat [ 5 27 0 0], L_000001eb53f808c0, L_000001eb53fd01a8;
L_000001eb53f80320 .cmp/ne 32, L_000001eb53f819a0, L_000001eb53fd01f0;
L_000001eb53f80be0 .array/port v000001eb53f7e950, L_000001eb53f81b80;
L_000001eb53f81b80 .concat [ 5 2 0 0], L_000001eb53f808c0, L_000001eb53fd0238;
L_000001eb53f81360 .functor MUXZ 32, L_000001eb53fd0280, L_000001eb53f80be0, L_000001eb53f80320, C4<>;
    .scope S_000001eb53f148d0;
T_0 ;
    %wait E_000001eb53efcd90;
    %pushi/vec4 0, 0, 1;
    %store/vec4 v000001eb53f01420_0, 0, 1;
    %pushi/vec4 0, 0, 1;
    %store/vec4 v000001eb53f01560_0, 0, 1;
    %pushi/vec4 0, 0, 1;
    %store/vec4 v000001eb53f014c0_0, 0, 1;
    %pushi/vec4 0, 0, 1;
    %store/vec4 v000001eb53f01380_0, 0, 1;
    %pushi/vec4 0, 0, 1;
    %store/vec4 v000001eb53f01240_0, 0, 1;
    %pushi/vec4 0, 0, 1;
    %store/vec4 v000001eb53f00840_0, 0, 1;
    %pushi/vec4 0, 0, 3;
    %store/vec4 v000001eb53f00e80_0, 0, 3;
    %pushi/vec4 0, 0, 1;
    %store/vec4 v000001eb53f007a0_0, 0, 1;
    %pushi/vec4 0, 0, 1;
    %store/vec4 v000001eb53f00b60_0, 0, 1;
    %pushi/vec4 0, 0, 1;
    %store/vec4 v000001eb53f012e0_0, 0, 1;
    %load/vec4 v000001eb53f008e0_0;
    %dup/vec4;
    %pushi/vec4 0, 0, 6;
    %cmp/u;
    %jmp/1 T_0.0, 6;
    %dup/vec4;
    %pushi/vec4 35, 0, 6;
    %cmp/u;
    %jmp/1 T_0.1, 6;
    %dup/vec4;
    %pushi/vec4 43, 0, 6;
    %cmp/u;
    %jmp/1 T_0.2, 6;
    %dup/vec4;
    %pushi/vec4 4, 0, 6;
    %cmp/u;
    %jmp/1 T_0.3, 6;
    %dup/vec4;
    %pushi/vec4 5, 0, 6;
    %cmp/u;
    %jmp/1 T_0.4, 6;
    %dup/vec4;
    %pushi/vec4 2, 0, 6;
    %cmp/u;
    %jmp/1 T_0.5, 6;
    %dup/vec4;
    %pushi/vec4 8, 0, 6;
    %cmp/u;
    %jmp/1 T_0.6, 6;
    %jmp T_0.8;
T_0.0 ;
    %pushi/vec4 1, 0, 1;
    %store/vec4 v000001eb53f01420_0, 0, 1;
    %pushi/vec4 1, 0, 1;
    %store/vec4 v000001eb53f01240_0, 0, 1;
    %pushi/vec4 2, 0, 3;
    %store/vec4 v000001eb53f00e80_0, 0, 3;
    %jmp T_0.8;
T_0.1 ;
    %pushi/vec4 1, 0, 1;
    %store/vec4 v000001eb53f01420_0, 0, 1;
    %pushi/vec4 1, 0, 1;
    %store/vec4 v000001eb53f01560_0, 0, 1;
    %pushi/vec4 1, 0, 1;
    %store/vec4 v000001eb53f014c0_0, 0, 1;
    %pushi/vec4 1, 0, 1;
    %store/vec4 v000001eb53f00840_0, 0, 1;
    %pushi/vec4 0, 0, 3;
    %store/vec4 v000001eb53f00e80_0, 0, 3;
    %jmp T_0.8;
T_0.2 ;
    %pushi/vec4 1, 0, 1;
    %store/vec4 v000001eb53f01380_0, 0, 1;
    %pushi/vec4 1, 0, 1;
    %store/vec4 v000001eb53f00840_0, 0, 1;
    %pushi/vec4 0, 0, 3;
    %store/vec4 v000001eb53f00e80_0, 0, 3;
    %jmp T_0.8;
T_0.3 ;
    %pushi/vec4 1, 0, 1;
    %store/vec4 v000001eb53f00b60_0, 0, 1;
    %pushi/vec4 1, 0, 3;
    %store/vec4 v000001eb53f00e80_0, 0, 3;
    %jmp T_0.8;
T_0.4 ;
    %pushi/vec4 1, 0, 1;
    %store/vec4 v000001eb53f00b60_0, 0, 1;
    %pushi/vec4 1, 0, 3;
    %store/vec4 v000001eb53f00e80_0, 0, 3;
    %pushi/vec4 1, 0, 1;
    %store/vec4 v000001eb53f012e0_0, 0, 1;
    %jmp T_0.8;
T_0.5 ;
    %pushi/vec4 1, 0, 1;
    %store/vec4 v000001eb53f007a0_0, 0, 1;
    %jmp T_0.8;
T_0.6 ;
    %pushi/vec4 1, 0, 1;
    %store/vec4 v000001eb53f01420_0, 0, 1;
    %pushi/vec4 1, 0, 1;
    %store/vec4 v000001eb53f00840_0, 0, 1;
    %pushi/vec4 0, 0, 3;
    %store/vec4 v000001eb53f00e80_0, 0, 3;
    %jmp T_0.8;
T_0.8 ;
    %pop/vec4 1;
    %jmp T_0;
    .thread T_0, $push;
    .scope S_000001eb53f14b20;
T_1 ;
    %wait E_000001eb53efd2d0;
    %load/vec4 v000001eb53f7e3b0_0;
    %flag_set/vec4 8;
    %jmp/0xz  T_1.0, 8;
    %pushi/vec4 0, 0, 32;
    %store/vec4 v000001eb53f7e1d0_0, 0, 32;
T_1.2 ;
    %load/vec4 v000001eb53f7e1d0_0;
    %cmpi/s 32, 0, 32;
    %jmp/0xz T_1.3, 5;
    %pushi/vec4 0, 0, 32;
    %ix/getv/s 3, v000001eb53f7e1d0_0;
    %ix/load 4, 0, 0; Constant delay
    %assign/vec4/a/d v000001eb53f7e950, 0, 4;
    %load/vec4 v000001eb53f7e1d0_0;
    %addi 1, 0, 32;
    %store/vec4 v000001eb53f7e1d0_0, 0, 32;
    %jmp T_1.2;
T_1.3 ;
    %jmp T_1.1;
T_1.0 ;
    %load/vec4 v000001eb53f7f5d0_0;
    %flag_set/vec4 9;
    %flag_get/vec4 9;
    %jmp/0 T_1.6, 9;
    %load/vec4 v000001eb53f7e310_0;
    %pushi/vec4 0, 0, 5;
    %cmp/ne;
    %flag_get/vec4 4;
    %and;
T_1.6;
    %flag_set/vec4 8;
    %jmp/0xz  T_1.4, 8;
    %load/vec4 v000001eb53f7eb30_0;
    %load/vec4 v000001eb53f7e310_0;
    %pad/u 7;
    %ix/vec4 3;
    %ix/load 4, 0, 0; Constant delay
    %assign/vec4/a/d v000001eb53f7e950, 0, 4;
T_1.4 ;
T_1.1 ;
    %jmp T_1;
    .thread T_1;
    .scope S_000001eb53f1d560;
T_2 ;
    %wait E_000001eb53efc7d0;
    %load/vec4 v000001eb53f81220_0;
    %flag_set/vec4 8;
    %jmp/0xz  T_2.0, 8;
    %pushi/vec4 0, 0, 32;
    %store/vec4 v000001eb53f81cc0_0, 0, 32;
    %pushi/vec4 0, 0, 32;
    %store/vec4 v000001eb53f812c0_0, 0, 32;
    %pushi/vec4 0, 0, 5;
    %store/vec4 v000001eb53f7f8f0_0, 0, 5;
    %pushi/vec4 0, 0, 5;
    %store/vec4 v000001eb53f7f0d0_0, 0, 5;
    %pushi/vec4 0, 0, 5;
    %store/vec4 v000001eb53f7e090_0, 0, 5;
    %pushi/vec4 0, 0, 32;
    %store/vec4 v000001eb53f7ef90_0, 0, 32;
    %pushi/vec4 0, 0, 8;
    %store/vec4 v000001eb53f7fad0_0, 0, 8;
    %pushi/vec4 0, 0, 1;
    %store/vec4 v000001eb53f7f850_0, 0, 1;
    %pushi/vec4 0, 0, 1;
    %store/vec4 v000001eb53f7ec70_0, 0, 1;
    %pushi/vec4 0, 0, 1;
    %store/vec4 v000001eb53f7e630_0, 0, 1;
    %pushi/vec4 0, 0, 1;
    %store/vec4 v000001eb53f7f030_0, 0, 1;
    %pushi/vec4 0, 0, 3;
    %store/vec4 v000001eb53f7ebd0_0, 0, 3;
    %pushi/vec4 0, 0, 1;
    %store/vec4 v000001eb53f7e6d0_0, 0, 1;
    %pushi/vec4 0, 0, 1;
    %store/vec4 v000001eb53f7f7b0_0, 0, 1;
    %pushi/vec4 0, 0, 1;
    %store/vec4 v000001eb53f80f00_0, 0, 1;
    %pushi/vec4 0, 0, 6;
    %store/vec4 v000001eb53f7e770_0, 0, 6;
    %pushi/vec4 0, 0, 5;
    %store/vec4 v000001eb53f800a0_0, 0, 5;
    %jmp T_2.1;
T_2.0 ;
    %load/vec4 v000001eb53f7fa30_0;
    %store/vec4 v000001eb53f81cc0_0, 0, 32;
    %load/vec4 v000001eb53f7f2b0_0;
    %store/vec4 v000001eb53f812c0_0, 0, 32;
    %load/vec4 v000001eb53f80aa0_0;
    %store/vec4 v000001eb53f7f8f0_0, 0, 5;
    %load/vec4 v000001eb53f817c0_0;
    %store/vec4 v000001eb53f7f0d0_0, 0, 5;
    %load/vec4 v000001eb53f81ae0_0;
    %store/vec4 v000001eb53f7e090_0, 0, 5;
    %load/vec4 v000001eb53f7f670_0;
    %parti/s 1, 15, 5;
    %replicate 16;
    %load/vec4 v000001eb53f7f670_0;
    %parti/s 16, 0, 2;
    %concat/vec4; draw_concat_vec4
    %store/vec4 v000001eb53f7ef90_0, 0, 32;
    %load/vec4 v000001eb53f7f710_0;
    %store/vec4 v000001eb53f7fad0_0, 0, 8;
    %load/vec4 v000001eb53f7ff30_0;
    %store/vec4 v000001eb53f7f850_0, 0, 1;
    %load/vec4 v000001eb53f7e4f0_0;
    %store/vec4 v000001eb53f7ec70_0, 0, 1;
    %load/vec4 v000001eb53f7fd50_0;
    %store/vec4 v000001eb53f7e630_0, 0, 1;
    %load/vec4 v000001eb53f7e590_0;
    %store/vec4 v000001eb53f7f030_0, 0, 1;
    %load/vec4 v000001eb53f7f210_0;
    %store/vec4 v000001eb53f7ebd0_0, 0, 3;
    %load/vec4 v000001eb53f7f170_0;
    %store/vec4 v000001eb53f7e6d0_0, 0, 1;
    %load/vec4 v000001eb53f7e810_0;
    %store/vec4 v000001eb53f7f7b0_0, 0, 1;
    %load/vec4 v000001eb53f7fe90_0;
    %store/vec4 v000001eb53f80f00_0, 0, 1;
    %load/vec4 v000001eb53f7f670_0;
    %parti/s 6, 0, 2;
    %store/vec4 v000001eb53f7e770_0, 0, 6;
    %load/vec4 v000001eb53f7f670_0;
    %parti/s 5, 6, 4;
    %store/vec4 v000001eb53f800a0_0, 0, 5;
T_2.1 ;
    %jmp T_2;
    .thread T_2, $push;
# The file index is used to find the file name in the following table.
:file_names 3;
    "N/A";
    "<interactive>";
    "ID.v";
