#! /c/Source/iverilog-install/bin/vvp
:ivl_version "12.0 (devel)" "(s20150603-1539-g2693dd32b)";
:ivl_delay_selection "TYPICAL";
:vpi_time_precision + 0;
:vpi_module "C:\iverilog\lib\ivl\system.vpi";
:vpi_module "C:\iverilog\lib\ivl\vhdl_sys.vpi";
:vpi_module "C:\iverilog\lib\ivl\vhdl_textio.vpi";
:vpi_module "C:\iverilog\lib\ivl\v2005_math.vpi";
:vpi_module "C:\iverilog\lib\ivl\va_math.vpi";
S_000002891dd3d190 .scope module, "IF_stage" "IF_stage" 2 1;
 .timescale 0 0;
    .port_info 0 /INPUT 1 "clk";
    .port_info 1 /INPUT 1 "reset";
    .port_info 2 /INPUT 1 "stall";
    .port_info 3 /INPUT 8 "next_pc";
    .port_info 4 /OUTPUT 32 "instr";
    .port_info 5 /OUTPUT 8 "pc_plus_4";
o000002891dc7a018 .functor BUFZ 1, C4<z>; HiZ drive
v000002891dc64ab0_0 .net "clk", 0 0, o000002891dc7a018;  0 drivers
v000002891dc64b50_0 .net "instr", 31 0, v000002891dd3d4b0_0;  1 drivers
o000002891dc7a108 .functor BUFZ 8, C4<zzzzzzzz>; HiZ drive
v000002891dc64bf0_0 .net "next_pc", 7 0, o000002891dc7a108;  0 drivers
v000002891dc64c90_0 .var "pc", 7 0;
v000002891dc64d30_0 .var "pc_plus_4", 7 0;
o000002891dc7a168 .functor BUFZ 1, C4<z>; HiZ drive
v000002891dc64dd0_0 .net "reset", 0 0, o000002891dc7a168;  0 drivers
o000002891dc7a198 .functor BUFZ 1, C4<z>; HiZ drive
v000002891dc64e70_0 .net "stall", 0 0, o000002891dc7a198;  0 drivers
E_000002891dc5e7a0 .event anyedge, v000002891dd3d550_0;
E_000002891dc5e7e0 .event posedge, v000002891dc64dd0_0, v000002891dc640c0_0;
S_000002891dd3d320 .scope module, "imem" "InstructionMemory" 2 19, 2 33 0, S_000002891dd3d190;
 .timescale 0 0;
    .port_info 0 /INPUT 8 "PC_in";
    .port_info 1 /INPUT 1 "clk";
    .port_info 2 /OUTPUT 32 "Instruction";
v000002891dd3d4b0_0 .var "Instruction", 31 0;
v000002891dd3d550_0 .net "PC_in", 7 0, v000002891dc64c90_0;  1 drivers
v000002891dc640c0_0 .net "clk", 0 0, o000002891dc7a018;  alias, 0 drivers
v000002891dc64970 .array "instructionSET", 0 255, 31 0;
v000002891dc64a10_0 .var/i "j", 31 0;
E_000002891dc5dc20 .event posedge, v000002891dc640c0_0;
    .scope S_000002891dd3d320;
T_0 ;
    %pushi/vec4 0, 0, 32;
    %store/vec4 v000002891dc64a10_0, 0, 32;
T_0.0 ;
    %load/vec4 v000002891dc64a10_0;
    %cmpi/s 256, 0, 32;
    %jmp/0xz T_0.1, 5;
    %pushi/vec4 0, 0, 32;
    %ix/getv/s 4, v000002891dc64a10_0;
    %store/vec4a v000002891dc64970, 4, 0;
    %load/vec4 v000002891dc64a10_0;
    %addi 1, 0, 32;
    %store/vec4 v000002891dc64a10_0, 0, 32;
    %jmp T_0.0;
T_0.1 ;
    %end;
    .thread T_0;
    .scope S_000002891dd3d320;
T_1 ;
    %wait E_000002891dc5dc20;
    %load/vec4 v000002891dd3d550_0;
    %parti/s 6, 2, 3;
    %pad/u 10;
    %ix/vec4 4;
    %load/vec4a v000002891dc64970, 4;
    %assign/vec4 v000002891dd3d4b0_0, 0;
    %jmp T_1;
    .thread T_1;
    .scope S_000002891dd3d320;
T_2 ;
    %pushi/vec4 537395200, 0, 32;
    %ix/load 4, 0, 0;
    %flag_set/imm 4, 0;
    %store/vec4a v000002891dc64970, 4, 0;
    %pushi/vec4 537460737, 0, 32;
    %ix/load 4, 1, 0;
    %flag_set/imm 4, 0;
    %store/vec4a v000002891dc64970, 4, 0;
    %pushi/vec4 537919488, 0, 32;
    %ix/load 4, 2, 0;
    %flag_set/imm 4, 0;
    %store/vec4a v000002891dc64970, 4, 0;
    %pushi/vec4 2919759872, 0, 32;
    %ix/load 4, 3, 0;
    %flag_set/imm 4, 0;
    %store/vec4a v000002891dc64970, 4, 0;
    %pushi/vec4 571080705, 0, 32;
    %ix/load 4, 4, 0;
    %flag_set/imm 4, 0;
    %store/vec4a v000002891dc64970, 4, 0;
    %pushi/vec4 2907242496, 0, 32;
    %ix/load 4, 5, 0;
    %flag_set/imm 4, 0;
    %store/vec4a v000002891dc64970, 4, 0;
    %pushi/vec4 17391648, 0, 32;
    %ix/load 4, 6, 0;
    %flag_set/imm 4, 0;
    %store/vec4a v000002891dc64970, 4, 0;
    %pushi/vec4 558497793, 0, 32;
    %ix/load 4, 7, 0;
    %flag_set/imm 4, 0;
    %store/vec4a v000002891dc64970, 4, 0;
    %pushi/vec4 2907439104, 0, 32;
    %ix/load 4, 8, 0;
    %flag_set/imm 4, 0;
    %store/vec4a v000002891dc64970, 4, 0;
    %pushi/vec4 18890784, 0, 32;
    %ix/load 4, 9, 0;
    %flag_set/imm 4, 0;
    %store/vec4a v000002891dc64970, 4, 0;
    %pushi/vec4 25184288, 0, 32;
    %ix/load 4, 10, 0;
    %flag_set/imm 4, 0;
    %store/vec4a v000002891dc64970, 4, 0;
    %pushi/vec4 17391648, 0, 32;
    %ix/load 4, 11, 0;
    %flag_set/imm 4, 0;
    %store/vec4a v000002891dc64970, 4, 0;
    %pushi/vec4 558497793, 0, 32;
    %ix/load 4, 12, 0;
    %flag_set/imm 4, 0;
    %store/vec4a v000002891dc64970, 4, 0;
    %pushi/vec4 2907439104, 0, 32;
    %ix/load 4, 13, 0;
    %flag_set/imm 4, 0;
    %store/vec4a v000002891dc64970, 4, 0;
    %pushi/vec4 18890784, 0, 32;
    %ix/load 4, 14, 0;
    %flag_set/imm 4, 0;
    %store/vec4a v000002891dc64970, 4, 0;
    %pushi/vec4 25184288, 0, 32;
    %ix/load 4, 15, 0;
    %flag_set/imm 4, 0;
    %store/vec4a v000002891dc64970, 4, 0;
    %pushi/vec4 17391648, 0, 32;
    %ix/load 4, 16, 0;
    %flag_set/imm 4, 0;
    %store/vec4a v000002891dc64970, 4, 0;
    %pushi/vec4 558497793, 0, 32;
    %ix/load 4, 17, 0;
    %flag_set/imm 4, 0;
    %store/vec4a v000002891dc64970, 4, 0;
    %pushi/vec4 2907439104, 0, 32;
    %ix/load 4, 18, 0;
    %flag_set/imm 4, 0;
    %store/vec4a v000002891dc64970, 4, 0;
    %pushi/vec4 18890784, 0, 32;
    %ix/load 4, 19, 0;
    %flag_set/imm 4, 0;
    %store/vec4a v000002891dc64970, 4, 0;
    %pushi/vec4 25184288, 0, 32;
    %ix/load 4, 20, 0;
    %flag_set/imm 4, 0;
    %store/vec4a v000002891dc64970, 4, 0;
    %pushi/vec4 17391648, 0, 32;
    %ix/load 4, 21, 0;
    %flag_set/imm 4, 0;
    %store/vec4a v000002891dc64970, 4, 0;
    %pushi/vec4 558497793, 0, 32;
    %ix/load 4, 22, 0;
    %flag_set/imm 4, 0;
    %store/vec4a v000002891dc64970, 4, 0;
    %pushi/vec4 2907439104, 0, 32;
    %ix/load 4, 23, 0;
    %flag_set/imm 4, 0;
    %store/vec4a v000002891dc64970, 4, 0;
    %pushi/vec4 18890784, 0, 32;
    %ix/load 4, 24, 0;
    %flag_set/imm 4, 0;
    %store/vec4a v000002891dc64970, 4, 0;
    %pushi/vec4 25184288, 0, 32;
    %ix/load 4, 25, 0;
    %flag_set/imm 4, 0;
    %store/vec4a v000002891dc64970, 4, 0;
    %pushi/vec4 17391648, 0, 32;
    %ix/load 4, 26, 0;
    %flag_set/imm 4, 0;
    %store/vec4a v000002891dc64970, 4, 0;
    %pushi/vec4 558497793, 0, 32;
    %ix/load 4, 27, 0;
    %flag_set/imm 4, 0;
    %store/vec4a v000002891dc64970, 4, 0;
    %pushi/vec4 2907439104, 0, 32;
    %ix/load 4, 28, 0;
    %flag_set/imm 4, 0;
    %store/vec4a v000002891dc64970, 4, 0;
    %pushi/vec4 18890784, 0, 32;
    %ix/load 4, 29, 0;
    %flag_set/imm 4, 0;
    %store/vec4a v000002891dc64970, 4, 0;
    %pushi/vec4 25184288, 0, 32;
    %ix/load 4, 30, 0;
    %flag_set/imm 4, 0;
    %store/vec4a v000002891dc64970, 4, 0;
    %pushi/vec4 17391648, 0, 32;
    %ix/load 4, 31, 0;
    %flag_set/imm 4, 0;
    %store/vec4a v000002891dc64970, 4, 0;
    %pushi/vec4 558497793, 0, 32;
    %ix/load 4, 32, 0;
    %flag_set/imm 4, 0;
    %store/vec4a v000002891dc64970, 4, 0;
    %pushi/vec4 2907439104, 0, 32;
    %ix/load 4, 33, 0;
    %flag_set/imm 4, 0;
    %store/vec4a v000002891dc64970, 4, 0;
    %pushi/vec4 18890784, 0, 32;
    %ix/load 4, 34, 0;
    %flag_set/imm 4, 0;
    %store/vec4a v000002891dc64970, 4, 0;
    %pushi/vec4 25184288, 0, 32;
    %ix/load 4, 35, 0;
    %flag_set/imm 4, 0;
    %store/vec4a v000002891dc64970, 4, 0;
    %pushi/vec4 17391648, 0, 32;
    %ix/load 4, 36, 0;
    %flag_set/imm 4, 0;
    %store/vec4a v000002891dc64970, 4, 0;
    %pushi/vec4 558497793, 0, 32;
    %ix/load 4, 37, 0;
    %flag_set/imm 4, 0;
    %store/vec4a v000002891dc64970, 4, 0;
    %pushi/vec4 2907439104, 0, 32;
    %ix/load 4, 38, 0;
    %flag_set/imm 4, 0;
    %store/vec4a v000002891dc64970, 4, 0;
    %pushi/vec4 18890784, 0, 32;
    %ix/load 4, 39, 0;
    %flag_set/imm 4, 0;
    %store/vec4a v000002891dc64970, 4, 0;
    %pushi/vec4 25184288, 0, 32;
    %ix/load 4, 40, 0;
    %flag_set/imm 4, 0;
    %store/vec4a v000002891dc64970, 4, 0;
    %pushi/vec4 17391648, 0, 32;
    %ix/load 4, 41, 0;
    %flag_set/imm 4, 0;
    %store/vec4a v000002891dc64970, 4, 0;
    %pushi/vec4 558497793, 0, 32;
    %ix/load 4, 42, 0;
    %flag_set/imm 4, 0;
    %store/vec4a v000002891dc64970, 4, 0;
    %pushi/vec4 2907439104, 0, 32;
    %ix/load 4, 43, 0;
    %flag_set/imm 4, 0;
    %store/vec4a v000002891dc64970, 4, 0;
    %pushi/vec4 18890784, 0, 32;
    %ix/load 4, 44, 0;
    %flag_set/imm 4, 0;
    %store/vec4a v000002891dc64970, 4, 0;
    %pushi/vec4 25184288, 0, 32;
    %ix/load 4, 45, 0;
    %flag_set/imm 4, 0;
    %store/vec4a v000002891dc64970, 4, 0;
    %pushi/vec4 17391648, 0, 32;
    %ix/load 4, 46, 0;
    %flag_set/imm 4, 0;
    %store/vec4a v000002891dc64970, 4, 0;
    %pushi/vec4 558497793, 0, 32;
    %ix/load 4, 47, 0;
    %flag_set/imm 4, 0;
    %store/vec4a v000002891dc64970, 4, 0;
    %pushi/vec4 2907439104, 0, 32;
    %ix/load 4, 48, 0;
    %flag_set/imm 4, 0;
    %store/vec4a v000002891dc64970, 4, 0;
    %pushi/vec4 18890784, 0, 32;
    %ix/load 4, 49, 0;
    %flag_set/imm 4, 0;
    %store/vec4a v000002891dc64970, 4, 0;
    %pushi/vec4 25184288, 0, 32;
    %ix/load 4, 50, 0;
    %flag_set/imm 4, 0;
    %store/vec4a v000002891dc64970, 4, 0;
    %pushi/vec4 17391648, 0, 32;
    %ix/load 4, 51, 0;
    %flag_set/imm 4, 0;
    %store/vec4a v000002891dc64970, 4, 0;
    %pushi/vec4 558497793, 0, 32;
    %ix/load 4, 52, 0;
    %flag_set/imm 4, 0;
    %store/vec4a v000002891dc64970, 4, 0;
    %pushi/vec4 2907439104, 0, 32;
    %ix/load 4, 53, 0;
    %flag_set/imm 4, 0;
    %store/vec4a v000002891dc64970, 4, 0;
    %pushi/vec4 18890784, 0, 32;
    %ix/load 4, 54, 0;
    %flag_set/imm 4, 0;
    %store/vec4a v000002891dc64970, 4, 0;
    %pushi/vec4 25184288, 0, 32;
    %ix/load 4, 55, 0;
    %flag_set/imm 4, 0;
    %store/vec4a v000002891dc64970, 4, 0;
    %pushi/vec4 17391648, 0, 32;
    %ix/load 4, 56, 0;
    %flag_set/imm 4, 0;
    %store/vec4a v000002891dc64970, 4, 0;
    %pushi/vec4 558497793, 0, 32;
    %ix/load 4, 57, 0;
    %flag_set/imm 4, 0;
    %store/vec4a v000002891dc64970, 4, 0;
    %pushi/vec4 2907439104, 0, 32;
    %ix/load 4, 58, 0;
    %flag_set/imm 4, 0;
    %store/vec4a v000002891dc64970, 4, 0;
    %pushi/vec4 18890784, 0, 32;
    %ix/load 4, 59, 0;
    %flag_set/imm 4, 0;
    %store/vec4a v000002891dc64970, 4, 0;
    %pushi/vec4 25184288, 0, 32;
    %ix/load 4, 60, 0;
    %flag_set/imm 4, 0;
    %store/vec4a v000002891dc64970, 4, 0;
    %pushi/vec4 17391648, 0, 32;
    %ix/load 4, 61, 0;
    %flag_set/imm 4, 0;
    %store/vec4a v000002891dc64970, 4, 0;
    %pushi/vec4 558497793, 0, 32;
    %ix/load 4, 62, 0;
    %flag_set/imm 4, 0;
    %store/vec4a v000002891dc64970, 4, 0;
    %pushi/vec4 2907439104, 0, 32;
    %ix/load 4, 63, 0;
    %flag_set/imm 4, 0;
    %store/vec4a v000002891dc64970, 4, 0;
    %pushi/vec4 18890784, 0, 32;
    %ix/load 4, 64, 0;
    %flag_set/imm 4, 0;
    %store/vec4a v000002891dc64970, 4, 0;
    %pushi/vec4 25184288, 0, 32;
    %ix/load 4, 65, 0;
    %flag_set/imm 4, 0;
    %store/vec4a v000002891dc64970, 4, 0;
    %pushi/vec4 17391648, 0, 32;
    %ix/load 4, 66, 0;
    %flag_set/imm 4, 0;
    %store/vec4a v000002891dc64970, 4, 0;
    %pushi/vec4 558497793, 0, 32;
    %ix/load 4, 67, 0;
    %flag_set/imm 4, 0;
    %store/vec4a v000002891dc64970, 4, 0;
    %pushi/vec4 2907439104, 0, 32;
    %ix/load 4, 68, 0;
    %flag_set/imm 4, 0;
    %store/vec4a v000002891dc64970, 4, 0;
    %pushi/vec4 18890784, 0, 32;
    %ix/load 4, 69, 0;
    %flag_set/imm 4, 0;
    %store/vec4a v000002891dc64970, 4, 0;
    %pushi/vec4 25184288, 0, 32;
    %ix/load 4, 70, 0;
    %flag_set/imm 4, 0;
    %store/vec4a v000002891dc64970, 4, 0;
    %pushi/vec4 17391648, 0, 32;
    %ix/load 4, 71, 0;
    %flag_set/imm 4, 0;
    %store/vec4a v000002891dc64970, 4, 0;
    %pushi/vec4 558497793, 0, 32;
    %ix/load 4, 72, 0;
    %flag_set/imm 4, 0;
    %store/vec4a v000002891dc64970, 4, 0;
    %pushi/vec4 2907439104, 0, 32;
    %ix/load 4, 73, 0;
    %flag_set/imm 4, 0;
    %store/vec4a v000002891dc64970, 4, 0;
    %pushi/vec4 18890784, 0, 32;
    %ix/load 4, 74, 0;
    %flag_set/imm 4, 0;
    %store/vec4a v000002891dc64970, 4, 0;
    %pushi/vec4 25184288, 0, 32;
    %ix/load 4, 75, 0;
    %flag_set/imm 4, 0;
    %store/vec4a v000002891dc64970, 4, 0;
    %pushi/vec4 134217804, 0, 32;
    %ix/load 4, 76, 0;
    %flag_set/imm 4, 0;
    %store/vec4a v000002891dc64970, 4, 0;
    %end;
    .thread T_2;
    .scope S_000002891dd3d190;
T_3 ;
    %wait E_000002891dc5e7e0;
    %load/vec4 v000002891dc64dd0_0;
    %flag_set/vec4 8;
    %jmp/0xz  T_3.0, 8;
    %pushi/vec4 0, 0, 8;
    %assign/vec4 v000002891dc64c90_0, 0;
    %jmp T_3.1;
T_3.0 ;
    %load/vec4 v000002891dc64e70_0;
    %nor/r;
    %flag_set/vec4 8;
    %jmp/0xz  T_3.2, 8;
    %load/vec4 v000002891dc64bf0_0;
    %assign/vec4 v000002891dc64c90_0, 0;
T_3.2 ;
T_3.1 ;
    %jmp T_3;
    .thread T_3;
    .scope S_000002891dd3d190;
T_4 ;
    %wait E_000002891dc5e7a0;
    %load/vec4 v000002891dc64c90_0;
    %addi 4, 0, 8;
    %store/vec4 v000002891dc64d30_0, 0, 8;
    %jmp T_4;
    .thread T_4, $push;
# The file index is used to find the file name in the following table.
:file_names 3;
    "N/A";
    "<interactive>";
    "IF.v";
