#! /c/Source/iverilog-install/bin/vvp
:ivl_version "12.0 (devel)" "(s20150603-1539-g2693dd32b)";
:ivl_delay_selection "TYPICAL";
:vpi_time_precision + 0;
:vpi_module "C:\iverilog\lib\ivl\system.vpi";
:vpi_module "C:\iverilog\lib\ivl\vhdl_sys.vpi";
:vpi_module "C:\iverilog\lib\ivl\vhdl_textio.vpi";
:vpi_module "C:\iverilog\lib\ivl\v2005_math.vpi";
:vpi_module "C:\iverilog\lib\ivl\va_math.vpi";
S_00000228db072db0 .scope module, "MEM" "MEM" 2 1;
 .timescale 0 0;
    .port_info 0 /INPUT 1 "clk";
    .port_info 1 /INPUT 1 "reset";
    .port_info 2 /INPUT 32 "ALU_result_in";
    .port_info 3 /INPUT 1 "zero_in";
    .port_info 4 /INPUT 8 "branch_target_in";
    .port_info 5 /INPUT 1 "branch_in";
    .port_info 6 /INPUT 1 "memread_in";
    .port_info 7 /INPUT 1 "MemtoReg_in";
    .port_info 8 /INPUT 1 "memwwrite_in";
    .port_info 9 /INPUT 1 "regwrite_in";
    .port_info 10 /INPUT 5 "RD_in";
    .port_info 11 /INPUT 32 "valueRt_in";
    .port_info 12 /OUTPUT 32 "final_result_out";
    .port_info 13 /OUTPUT 1 "regwrite_out";
    .port_info 14 /OUTPUT 5 "RD_out";
    .port_info 15 /OUTPUT 1 "zero_out";
    .port_info 16 /OUTPUT 8 "branch_target_out";
    .port_info 17 /OUTPUT 1 "actual_branch_taken";
o00000228db0ab368 .functor BUFZ 1, C4<z>; HiZ drive
L_00000228db0733e0 .functor BUFZ 1, o00000228db0ab368, C4<0>, C4<0>, C4<0>;
o00000228db0ab038 .functor BUFZ 5, C4<zzzzz>; HiZ drive
L_00000228db0a2390 .functor BUFZ 5, o00000228db0ab038, C4<00000>, C4<00000>, C4<00000>;
o00000228db0ab428 .functor BUFZ 1, C4<z>; HiZ drive
L_00000228db0a2400 .functor BUFZ 1, o00000228db0ab428, C4<0>, C4<0>, C4<0>;
o00000228db0ab1e8 .functor BUFZ 8, C4<zzzzzzzz>; HiZ drive
L_00000228db0a2610 .functor BUFZ 8, o00000228db0ab1e8, C4<00000000>, C4<00000000>, C4<00000000>;
o00000228db0ab1b8 .functor BUFZ 1, C4<z>; HiZ drive
L_00000228db0a2990 .functor BUFZ 1, o00000228db0ab1b8, C4<0>, C4<0>, C4<0>;
o00000228db0aafd8 .functor BUFZ 32, C4<zzzzzzzzzzzzzzzzzzzzzzzzzzzzzzzz>; HiZ drive
v00000228db073070_0 .net "ALU_result_in", 31 0, o00000228db0aafd8;  0 drivers
o00000228db0ab008 .functor BUFZ 1, C4<z>; HiZ drive
v00000228db0a6d20_0 .net "MemtoReg_in", 0 0, o00000228db0ab008;  0 drivers
v00000228db0f3c40_0 .net "RD_in", 4 0, o00000228db0ab038;  0 drivers
v00000228db0f3ce0_0 .net "RD_out", 4 0, L_00000228db0a2390;  1 drivers
v00000228db0f3d80_0 .net *"_ivl_0", 31 0, L_00000228db0a1860;  1 drivers
v00000228db0f3e20_0 .net *"_ivl_3", 7 0, L_00000228db0a17c0;  1 drivers
v00000228db0f3ec0_0 .net *"_ivl_4", 9 0, L_00000228db0a1e00;  1 drivers
L_00000228db0fbf78 .functor BUFT 1, C4<00>, C4<0>, C4<0>, C4<0>;
v00000228db0a1130_0 .net *"_ivl_7", 1 0, L_00000228db0fbf78;  1 drivers
L_00000228db0fbfc0 .functor BUFT 1, C4<00000000000000000000000000000000>, C4<0>, C4<0>, C4<0>;
v00000228db0a11d0_0 .net/2u *"_ivl_8", 31 0, L_00000228db0fbfc0;  1 drivers
v00000228db0a1900_0 .net "actual_branch_taken", 0 0, L_00000228db0a2990;  1 drivers
v00000228db0a2120_0 .net "branch_in", 0 0, o00000228db0ab1b8;  0 drivers
v00000228db0a1fe0_0 .net "branch_target_in", 7 0, o00000228db0ab1e8;  0 drivers
v00000228db0a14a0_0 .net "branch_target_out", 7 0, L_00000228db0a2610;  1 drivers
o00000228db0ab248 .functor BUFZ 1, C4<z>; HiZ drive
v00000228db0a1540_0 .net "clk", 0 0, o00000228db0ab248;  0 drivers
v00000228db0a1360 .array "data_memory", 255 0, 31 0;
v00000228db0a1400_0 .net "final_result_out", 31 0, L_00000228db0a2080;  1 drivers
v00000228db0a1c20_0 .var/i "j", 31 0;
v00000228db0a1f40_0 .net "mem_read_data", 31 0, L_00000228db0a1b80;  1 drivers
o00000228db0ab308 .functor BUFZ 1, C4<z>; HiZ drive
v00000228db0a15e0_0 .net "memread_in", 0 0, o00000228db0ab308;  0 drivers
o00000228db0ab338 .functor BUFZ 1, C4<z>; HiZ drive
v00000228db0a19a0_0 .net "memwwrite_in", 0 0, o00000228db0ab338;  0 drivers
v00000228db0a1a40_0 .net "regwrite_in", 0 0, o00000228db0ab368;  0 drivers
v00000228db0a1680_0 .net "regwrite_out", 0 0, L_00000228db0733e0;  1 drivers
o00000228db0ab3c8 .functor BUFZ 1, C4<z>; HiZ drive
v00000228db0a1ae0_0 .net "reset", 0 0, o00000228db0ab3c8;  0 drivers
o00000228db0ab3f8 .functor BUFZ 32, C4<zzzzzzzzzzzzzzzzzzzzzzzzzzzzzzzz>; HiZ drive
v00000228db0a12c0_0 .net "valueRt_in", 31 0, o00000228db0ab3f8;  0 drivers
v00000228db0a1cc0_0 .net "zero_in", 0 0, o00000228db0ab428;  0 drivers
v00000228db0a1d60_0 .net "zero_out", 0 0, L_00000228db0a2400;  1 drivers
E_00000228db09ae60 .event posedge, v00000228db0a1540_0;
L_00000228db0a1860 .array/port v00000228db0a1360, L_00000228db0a1e00;
L_00000228db0a17c0 .part o00000228db0aafd8, 0, 8;
L_00000228db0a1e00 .concat [ 8 2 0 0], L_00000228db0a17c0, L_00000228db0fbf78;
L_00000228db0a1b80 .functor MUXZ 32, L_00000228db0fbfc0, L_00000228db0a1860, o00000228db0ab308, C4<>;
L_00000228db0a2080 .functor MUXZ 32, o00000228db0aafd8, L_00000228db0a1b80, o00000228db0ab008, C4<>;
    .scope S_00000228db072db0;
T_0 ;
    %wait E_00000228db09ae60;
    %load/vec4 v00000228db0a1ae0_0;
    %flag_set/vec4 8;
    %jmp/0xz  T_0.0, 8;
    %pushi/vec4 0, 0, 32;
    %store/vec4 v00000228db0a1c20_0, 0, 32;
T_0.2 ;
    %load/vec4 v00000228db0a1c20_0;
    %cmpi/s 256, 0, 32;
    %jmp/0xz T_0.3, 5;
    %pushi/vec4 0, 0, 32;
    %ix/getv/s 3, v00000228db0a1c20_0;
    %ix/load 4, 0, 0; Constant delay
    %assign/vec4/a/d v00000228db0a1360, 0, 4;
    %load/vec4 v00000228db0a1c20_0;
    %addi 1, 0, 32;
    %store/vec4 v00000228db0a1c20_0, 0, 32;
    %jmp T_0.2;
T_0.3 ;
    %jmp T_0.1;
T_0.0 ;
    %load/vec4 v00000228db0a19a0_0;
    %flag_set/vec4 8;
    %jmp/0xz  T_0.4, 8;
    %load/vec4 v00000228db0a12c0_0;
    %load/vec4 v00000228db073070_0;
    %parti/s 8, 0, 2;
    %pad/u 10;
    %ix/vec4 3;
    %ix/load 4, 0, 0; Constant delay
    %assign/vec4/a/d v00000228db0a1360, 0, 4;
T_0.4 ;
T_0.1 ;
    %jmp T_0;
    .thread T_0;
# The file index is used to find the file name in the following table.
:file_names 3;
    "N/A";
    "<interactive>";
    "Mem.v";
